Component: ARM Compiler 5.06 update 4 (build 422) Tool: armlink [4d35d2]

==============================================================================

Section Cross References

    startup_stm32f10x_md.o(RESET) refers to startup_stm32f10x_md.o(STACK) for __initial_sp
    startup_stm32f10x_md.o(RESET) refers to startup_stm32f10x_md.o(.text) for Reset_Handler
    startup_stm32f10x_md.o(RESET) refers to stm32f10x_it.o(i.NMI_Handler) for NMI_Handler
    startup_stm32f10x_md.o(RESET) refers to stm32f10x_it.o(i.HardFault_Handler) for HardFault_Handler
    startup_stm32f10x_md.o(RESET) refers to stm32f10x_it.o(i.MemManage_Handler) for MemManage_Handler
    startup_stm32f10x_md.o(RESET) refers to stm32f10x_it.o(i.BusFault_Handler) for BusFault_Handler
    startup_stm32f10x_md.o(RESET) refers to stm32f10x_it.o(i.UsageFault_Handler) for UsageFault_Handler
    startup_stm32f10x_md.o(RESET) refers to stm32f10x_it.o(i.SVC_Handler) for SVC_Handler
    startup_stm32f10x_md.o(RESET) refers to stm32f10x_it.o(i.DebugMon_Handler) for DebugMon_Handler
    startup_stm32f10x_md.o(RESET) refers to stm32f10x_it.o(i.SysTick_Handler) for SysTick_Handler
    startup_stm32f10x_md.o(RESET) refers to usb_it.o(i.USB_LP_CAN1_RX0_IRQHandler) for USB_LP_CAN1_RX0_IRQHandler
    startup_stm32f10x_md.o(RESET) refers to stm32f10x_it.o(i.TIM1_UP_IRQHandler) for TIM1_UP_IRQHandler
    startup_stm32f10x_md.o(RESET) refers to bf_status_mini_rc.o(i.TIM3_IRQHandler) for TIM3_IRQHandler
    startup_stm32f10x_md.o(RESET) refers to bf_status_mini_rc.o(i.TIM4_IRQHandler) for TIM4_IRQHandler
    startup_stm32f10x_md.o(RESET) refers to usb_it.o(i.USBWakeUp_IRQHandler) for USBWakeUp_IRQHandler
    startup_stm32f10x_md.o(.text) refers to system_stm32f10x.o(i.SystemInit) for SystemInit
    startup_stm32f10x_md.o(.text) refers to entry.o(.ARM.Collect$$$$00000000) for __main
    system_stm32f10x.o(i.SetSysClock) refers to system_stm32f10x.o(i.SetSysClockTo72) for SetSysClockTo72
    system_stm32f10x.o(i.SystemCoreClockUpdate) refers to system_stm32f10x.o(.data) for SystemCoreClock
    system_stm32f10x.o(i.SystemInit) refers to system_stm32f10x.o(i.SetSysClock) for SetSysClock
    stm32f10x_usart.o(i.USART_DeInit) refers to stm32f10x_rcc.o(i.RCC_APB2PeriphResetCmd) for RCC_APB2PeriphResetCmd
    stm32f10x_usart.o(i.USART_DeInit) refers to stm32f10x_rcc.o(i.RCC_APB1PeriphResetCmd) for RCC_APB1PeriphResetCmd
    stm32f10x_usart.o(i.USART_Init) refers to stm32f10x_rcc.o(i.RCC_GetClocksFreq) for RCC_GetClocksFreq
    stm32f10x_gpio.o(i.GPIO_AFIODeInit) refers to stm32f10x_rcc.o(i.RCC_APB2PeriphResetCmd) for RCC_APB2PeriphResetCmd
    stm32f10x_gpio.o(i.GPIO_DeInit) refers to stm32f10x_rcc.o(i.RCC_APB2PeriphResetCmd) for RCC_APB2PeriphResetCmd
    stm32f10x_gpio.o(i.GPIO_QuickInit) refers to stm32f10x_rcc.o(i.RCC_APB2PeriphClockCmd) for RCC_APB2PeriphClockCmd
    stm32f10x_gpio.o(i.GPIO_QuickInit) refers to stm32f10x_gpio.o(i.GPIO_Init) for GPIO_Init
    stm32f10x_adc.o(i.ADC_DeInit) refers to stm32f10x_rcc.o(i.RCC_APB2PeriphResetCmd) for RCC_APB2PeriphResetCmd
    stm32f10x_tim.o(i.TIM_DeInit) refers to stm32f10x_rcc.o(i.RCC_APB2PeriphResetCmd) for RCC_APB2PeriphResetCmd
    stm32f10x_tim.o(i.TIM_DeInit) refers to stm32f10x_rcc.o(i.RCC_APB1PeriphResetCmd) for RCC_APB1PeriphResetCmd
    stm32f10x_tim.o(i.TIM_ETRClockMode1Config) refers to stm32f10x_tim.o(i.TIM_ETRConfig) for TIM_ETRConfig
    stm32f10x_tim.o(i.TIM_ETRClockMode2Config) refers to stm32f10x_tim.o(i.TIM_ETRConfig) for TIM_ETRConfig
    stm32f10x_tim.o(i.TIM_ICInit) refers to stm32f10x_tim.o(i.TI1_Config) for TI1_Config
    stm32f10x_tim.o(i.TIM_ICInit) refers to stm32f10x_tim.o(i.TIM_SetIC1Prescaler) for TIM_SetIC1Prescaler
    stm32f10x_tim.o(i.TIM_ICInit) refers to stm32f10x_tim.o(i.TI2_Config) for TI2_Config
    stm32f10x_tim.o(i.TIM_ICInit) refers to stm32f10x_tim.o(i.TIM_SetIC2Prescaler) for TIM_SetIC2Prescaler
    stm32f10x_tim.o(i.TIM_ICInit) refers to stm32f10x_tim.o(i.TI3_Config) for TI3_Config
    stm32f10x_tim.o(i.TIM_ICInit) refers to stm32f10x_tim.o(i.TIM_SetIC3Prescaler) for TIM_SetIC3Prescaler
    stm32f10x_tim.o(i.TIM_ICInit) refers to stm32f10x_tim.o(i.TI4_Config) for TI4_Config
    stm32f10x_tim.o(i.TIM_ICInit) refers to stm32f10x_tim.o(i.TIM_SetIC4Prescaler) for TIM_SetIC4Prescaler
    stm32f10x_tim.o(i.TIM_ITRxExternalClockConfig) refers to stm32f10x_tim.o(i.TIM_SelectInputTrigger) for TIM_SelectInputTrigger
    stm32f10x_tim.o(i.TIM_PWMIConfig) refers to stm32f10x_tim.o(i.TI1_Config) for TI1_Config
    stm32f10x_tim.o(i.TIM_PWMIConfig) refers to stm32f10x_tim.o(i.TIM_SetIC1Prescaler) for TIM_SetIC1Prescaler
    stm32f10x_tim.o(i.TIM_PWMIConfig) refers to stm32f10x_tim.o(i.TI2_Config) for TI2_Config
    stm32f10x_tim.o(i.TIM_PWMIConfig) refers to stm32f10x_tim.o(i.TIM_SetIC2Prescaler) for TIM_SetIC2Prescaler
    stm32f10x_tim.o(i.TIM_TIxExternalClockConfig) refers to stm32f10x_tim.o(i.TI2_Config) for TI2_Config
[...]
    i.TIM_OC2PreloadConfig                   0x0800411a   Section        0  stm32f10x_tim.o(i.TIM_OC2PreloadConfig)
    i.TIM_OC3Init                            0x08004134   Section        0  stm32f10x_tim.o(i.TIM_OC3Init)
    i.TIM_OC3PolarityConfig                  0x080041d4   Section        0  stm32f10x_tim.o(i.TIM_OC3PolarityConfig)
    i.TIM_OC3PreloadConfig                   0x080041ee   Section        0  stm32f10x_tim.o(i.TIM_OC3PreloadConfig)
    i.TIM_OC4Init                            0x08004200   Section        0  stm32f10x_tim.o(i.TIM_OC4Init)
    i.TIM_OC4PolarityConfig                  0x0800427c   Section        0  stm32f10x_tim.o(i.TIM_OC4PolarityConfig)
    i.TIM_OC4PreloadConfig                   0x08004296   Section        0  stm32f10x_tim.o(i.TIM_OC4PreloadConfig)
    i.TIM_OCStructInit                       0x080042b0   Section        0  stm32f10x_tim.o(i.TIM_OCStructInit)
    i.TIM_SetIC1Prescaler                    0x080042c4   Section        0  stm32f10x_tim.o(i.TIM_SetIC1Prescaler)
    i.TIM_SetIC2Prescaler                    0x080042d6   Section        0  stm32f10x_tim.o(i.TIM_SetIC2Prescaler)
    i.TIM_SetIC3Prescaler                    0x080042f0   Section        0  stm32f10x_tim.o(i.TIM_SetIC3Prescaler)
    i.TIM_SetIC4Prescaler                    0x08004302   Section        0  stm32f10x_tim.o(i.TIM_SetIC4Prescaler)
    i.TIM_TimeBaseInit                       0x0800431c   Section        0  stm32f10x_tim.o(i.TIM_TimeBaseInit)
    i.Time_slice                             0x080043c0   Section        0  bf_status_mini_system.o(i.Time_slice)
    i.USBWakeUp_IRQHandler                   0x08004420   Section        0  usb_it.o(i.USBWakeUp_IRQHandler)
    i.USB_Cable_Config                       0x0800442c   Section        0  hw_config.o(i.USB_Cable_Config)
    i.USB_Config                             0x08004450   Section        0  hw_config.o(i.USB_Config)
    i.USB_Init                               0x08004464   Section        0  usb_init.o(i.USB_Init)
    i.USB_Interrupts_Config                  0x080044a0   Section        0  hw_config.o(i.USB_Interrupts_Config)
    i.USB_Istr                               0x080044d4   Section        0  usb_istr.o(i.USB_Istr)
    i.USB_LP_CAN1_RX0_IRQHandler             0x080046a4   Section        0  usb_it.o(i.USB_LP_CAN1_RX0_IRQHandler)
    i.USB_RxWrite                            0x080046ac   Section        0  hw_config.o(i.USB_RxWrite)
    i.USB_SIL_Init                           0x080046c4   Section        0  usb_sil.o(i.USB_SIL_Init)
    i.USB_SIL_Read                           0x080046e8   Section        0  usb_sil.o(i.USB_SIL_Read)
    i.USB_TxRead                             0x08004718   Section        0  hw_config.o(i.USB_TxRead)
    i.USB_TxWrite                            0x08004730   Section        0  hw_config.o(i.USB_TxWrite)
    i.UsageFault_Handler                     0x08004748   Section        0  stm32f10x_it.o(i.UsageFault_Handler)
    i.UserToPMABufferCopy                    0x0800474c   Section        0  usb_mem.o(i.UserToPMABufferCopy)
    i.VariableParameter                      0x08004784   Section        0  bf_status_mini_math.o(i.VariableParameter)
    i.Virtual_Com_Port_Data_Setup            0x080047f0   Section        0  usb_prop.o(i.Virtual_Com_Port_Data_Setup)
    i.Virtual_Com_Port_GetConfigDescriptor   0x08004854   Section        0  usb_prop.o(i.Virtual_Com_Port_GetConfigDescriptor)
    i.Virtual_Com_Port_GetDeviceDescriptor   0x08004868   Section        0  usb_prop.o(i.Virtual_Com_Port_GetDeviceDescriptor)
    i.Virtual_Com_Port_GetLineCoding         0x0800487c   Section        0  usb_prop.o(i.Virtual_Com_Port_GetLineCoding)
    i.Virtual_Com_Port_GetStringDescriptor   0x08004898   Section        0  usb_prop.o(i.Virtual_Com_Port_GetStringDescriptor)
    i.Virtual_Com_Port_Get_Interface_Setting 0x080048c0   Section        0  usb_prop.o(i.Virtual_Com_Port_Get_Interface_Setting)
    i.Virtual_Com_Port_NoData_Setup          0x080048d8   Section        0  usb_prop.o(i.Virtual_Com_Port_NoData_Setup)
    i.Virtual_Com_Port_Reset                 0x08004900   Section        0  usb_prop.o(i.Virtual_Com_Port_Reset)
    i.Virtual_Com_Port_SetConfiguration      0x080049e8   Section        0  usb_prop.o(i.Virtual_Com_Port_SetConfiguration)
    i.Virtual_Com_Port_SetDeviceAddress      0x08004a00   Section        0  usb_prop.o(i.Virtual_Com_Port_SetDeviceAddress)
    i.Virtual_Com_Port_SetLineCoding         0x08004a0c   Section        0  usb_prop.o(i.Virtual_Com_Port_SetLineCoding)
    i.Virtual_Com_Port_Status_In             0x08004a28   Section        0  usb_prop.o(i.Virtual_Com_Port_Status_In)
    i.Virtual_Com_Port_Status_Out            0x08004a3c   Section        0  usb_prop.o(i.Virtual_Com_Port_Status_Out)
    i.Virtual_Com_Port_init                  0x08004a40   Section        0  usb_prop.o(i.Virtual_Com_Port_init)
    i.__0printf$8                            0x08004a68   Section        0  printf8.o(i.__0printf$8)
    i.__ARM_fpclassify                       0x08004a88   Section        0  fpclassify.o(i.__ARM_fpclassify)
    i.__ARM_fpclassifyf                      0x08004ab0   Section        0  fpclassifyf.o(i.__ARM_fpclassifyf)
    i.__kernel_poly                          0x08004ad6   Section        0  poly.o(i.__kernel_poly)
    i.__mathlib_dbl_divzero                  0x08004b80   Section        0  dunder.o(i.__mathlib_dbl_divzero)
    i.__mathlib_dbl_infnan2                  0x08004b90   Section        0  dunder.o(i.__mathlib_dbl_infnan2)
    i.__mathlib_dbl_invalid                  0x08004b94   Section        0  dunder.o(i.__mathlib_dbl_invalid)
    i.__mathlib_dbl_overflow                 0x08004ba0   Section        0  dunder.o(i.__mathlib_dbl_overflow)
    i.__mathlib_dbl_underflow                0x08004bb0   Section        0  dunder.o(i.__mathlib_dbl_underflow)
    i.__mathlib_flt_infnan                   0x08004bc0   Section        0  funder.o(i.__mathlib_flt_infnan)
    i.__mathlib_flt_infnan2                  0x08004bc6   Section        0  funder.o(i.__mathlib_flt_infnan2)
    i.__mathlib_flt_invalid                  0x08004bca   Section        0  funder.o(i.__mathlib_flt_invalid)
    i.__mathlib_flt_underflow                0x08004bd2   Section        0  funder.o(i.__mathlib_flt_underflow)
    i.__scatterload_copy                     0x08004bdc   Section       14  handlers.o(i.__scatterload_copy)
    i.__scatterload_null                     0x08004bea   Section        2  handlers.o(i.__scatterload_null)
    i.__scatterload_zeroinit                 0x08004bec   Section       14  handlers.o(i.__scatterload_zeroinit)
    i.__set_errno                            0x08004bfc   Section        0  errno.o(i.__set_errno)
    i._printf_core                           0x08004c08   Section        0  printf8.o(i._printf_core)
    _printf_core                             0x08004c09   Thumb Code   996  printf8.o(i._printf_core)
    i._printf_post_padding                   0x08005018   Section        0  printf8.o(i._printf_post_padding)
    _printf_post_padding                     0x08005019   Thumb Code    36  printf8.o(i._printf_post_padding)
    i._printf_pre_padding                    0x0800503c   Section        0  printf8.o(i._printf_pre_padding)
    _printf_pre_padding                      0x0800503d   Thumb Code    46  printf8.o(i._printf_pre_padding)
    i.asinf                                  0x0800506c   Section        0  asinf.o(i.asinf)
    i.atan2f                                 0x08005190   Section        0  atan2f.o(i.atan2f)
    i.data_save                              0x080053ec   Section        0  bf_status_mini_system.o(i.data_save)
    i.fputc                                  0x0800555c   Section        0  hw_config.o(i.fputc)
    i.get_altitude                           0x0800556c   Section        0  ms5611.o(i.get_altitude)
    i.led_init                               0x080055ec   Section        0  led.o(i.led_init)
    i.led_ref                                0x08005650   Section        0  led.o(i.led_ref)
    i.main                                   0x080056a0   Section        0  main.o(i.main)
    i.motor_init                             0x080056ec   Section        0  motor.o(i.motor_init)
    i.mpu_init                               0x080057d0   Section        0  mpu9250.o(i.mpu_init)
    i.ms5611_handle                          0x08005904   Section        0  ms5611.o(i.ms5611_handle)
    i.ms5611_read_adc                        0x080059b0   Section        0  ms5611.o(i.ms5611_read_adc)
    i.ms5611_read_baro                       0x080059d8   Section        0  ms5611.o(i.ms5611_read_baro)
    i.ms5611_read_fac                        0x08005c70   Section        0  ms5611.o(i.ms5611_read_fac)
    i.ms5611_read_temp                       0x08005d1c   Section        0  ms5611.o(i.ms5611_read_temp)
    i.ms5611_reset                           0x08005d2c   Section        0  ms5611.o(i.ms5611_reset)
    i.ms5611_start_conversion                0x08005d78   Section        0  ms5611.o(i.ms5611_start_conversion)
    i.pow                                    0x08005da4   Section        0  pow.o(i.pow)
    i.sqrt                                   0x0800677c   Section        0  sqrt.o(i.sqrt)
    i.sqrtf                                  0x080067c8   Section        0  sqrtf.o(i.sqrtf)
    i.system_init                            0x080067f4   Section        0  bf_status_mini_system.o(i.system_init)
    i.time_init                              0x0800688c   Section        0  bf_status_mini_system.o(i.time_init)
    .constdata                               0x08006934   Section      151  usb_desc.o(.constdata)
    .constdata                               0x080069d0   Section      136  pow.o(.constdata)
    bp                                       0x080069d0   Data          16  pow.o(.constdata)
    dp_h                                     0x080069e0   Data          16  pow.o(.constdata)
    dp_l                                     0x080069f0   Data          16  pow.o(.constdata)
    L                                        0x08006a00   Data          48  pow.o(.constdata)
    P                                        0x08006a30   Data          40  pow.o(.constdata)
    .constdata                               0x08006a58   Section        8  qnan.o(.constdata)
    .data                                    0x20000000   Section       20  system_stm32f10x.o(.data)
    .data                                    0x20000014   Section        4  ms5611.o(.data)
    Altitude                                 0x20000014   Data           4  ms5611.o(.data)
    .data                                    0x20000018   Section        3  bf_status_mini_system.o(.data)
    tick                                     0x20000018   Data           3  bf_status_mini_system.o(.data)
    .data                                    0x2000001c   Section       28  bf_status_mini_global.o(.data)
    .data                                    0x20000038   Section       80  bf_status_mini_filter.o(.data)
    .data                                    0x20000088   Section       24  imu.o(.data)
    exInt                                    0x20000088   Data           4  imu.o(.data)
    eyInt                                    0x2000008c   Data           4  imu.o(.data)
    ezInt                                    0x20000090   Data           4  imu.o(.data)
    x                                        0x20000094   Data           4  imu.o(.data)
    y                                        0x20000098   Data           4  imu.o(.data)
    z                                        0x2000009c   Data           4  imu.o(.data)
    .data                                    0x200000a0   Section       38  usb_desc.o(.data)
    .data                                    0x200000c8   Section        8  usb_endp.o(.data)
    txFlg                                    0x200000c8   Data           1  usb_endp.o(.data)
    FrameCount                               0x200000cc   Data           4  usb_endp.o(.data)
    .data                                    0x200000d0   Section       68  usb_istr.o(.data)
    .data                                    0x20000114   Section      148  usb_prop.o(.data)
    .data                                    0x200001a8   Section       12  usb_pwr.o(.data)
    .data                                    0x200001b4   Section        3  usb_core.o(.data)
    .data                                    0x200001b8   Section       20  usb_init.o(.data)
    .data                                    0x200001cc   Section        4  usb_int.o(.data)
    .data                                    0x200001d0   Section        4  stdout.o(.data)
    .data                                    0x200001d4   Section        4  errno.o(.data)
    _errno                                   0x200001d4   Data           4  errno.o(.data)
    .bss                                     0x200001d8   Section       42  datascope_dp.o(.bss)
    .bss                                     0x20000204   Section      620  bf_status_mini_global.o(.bss)
    .bss                                     0x20000470   Section      240  bf_status_mini_filter.o(.bss)
    .bss                                     0x20000560   Section     2608  hw_config.o(.bss)
    m_QueueUsbComRx                          0x20000570   Data          16  hw_config.o(.bss)
    m_QueueUsbComTx                          0x20000580   Data          16  hw_config.o(.bss)
    m_UsbComRxBuf                            0x20000590   Data        1280  hw_config.o(.bss)
    m_UsbComTxBuf                            0x20000a90   Data        1280  hw_config.o(.bss)
    .bss                                     0x20000f90   Section      128  usb_endp.o(.bss)
    txBuffter                                0x20000f90   Data          64  usb_endp.o(.bss)
    buffter                                  0x20000fd0   Data          64  usb_endp.o(.bss)
    .bss                                     0x20001010   Section       32  usb_pwr.o(.bss)
    .bss                                     0x20001030   Section       28  usb_init.o(.bss)
    STACK                                    0x20001050   Section     1024  startup_stm32f10x_md.o(STACK)

    Global Symbols

    Symbol Name                              Value     Ov Type        Size  Object(Section)

    BuildAttributes$$THM_ISAv4$P$D$K$B$S$PE$A:L22UL41UL21$X:L11$S22US41US21$IEEE1$IW$USESV6$~STKCKD$USESV7$~SHL$OTIME$ROPI$IEEEX$EBA8$MICROLIB$REQ8$PRES8$EABIv2 0x00000000   Number         0  anon$$obj.o ABSOLUTE
    __ARM_use_no_argv                        0x00000000   Number         0  main.o ABSOLUTE
    _printf_a                                0x00000000   Number         0  stubs.o ABSOLUTE
    _printf_c                                0x00000000   Number         0  stubs.o ABSOLUTE
    _printf_charcount                        0x00000000   Number         0  stubs.o ABSOLUTE
    _printf_d                                0x00000000   Number         0  stubs.o ABSOLUTE
    _printf_e                                0x00000000   Number         0  stubs.o ABSOLUTE
    _printf_f                                0x00000000   Number         0  stubs.o ABSOLUTE
    _printf_flags                            0x00000000   Number         0  stubs.o ABSOLUTE
    _printf_fp_dec                           0x00000000   Number         0  stubs.o ABSOLUTE
    _printf_fp_hex                           0x00000000   Number         0  stubs.o ABSOLUTE
    _printf_g                                0x00000000   Number         0  stubs.o ABSOLUTE
    _printf_i                                0x00000000   Number         0  stubs.o ABSOLUTE
    _printf_int_dec                          0x00000000   Number         0  stubs.o ABSOLUTE
    _printf_l                                0x00000000   Number         0  stubs.o ABSOLUTE
    _printf_lc                               0x00000000   Number         0  stubs.o ABSOLUTE
    _printf_ll                               0x00000000   Number         0  stubs.o ABSOLUTE
    _printf_lld                              0x00000000   Number         0  stubs.o ABSOLUTE
    _printf_lli                              0x00000000   Number         0  stubs.o ABSOLUTE
    _printf_llo                              0x00000000   Number         0  stubs.o ABSOLUTE
    _printf_llu                              0x00000000   Number         0  stubs.o ABSOLUTE
    _printf_llx                              0x00000000   Number         0  stubs.o ABSOLUTE
    _printf_longlong_dec                     0x00000000   Number         0  stubs.o ABSOLUTE
    _printf_longlong_hex                     0x00000000   Number         0  stubs.o ABSOLUTE
    _printf_longlong_oct                     0x00000000   Number         0  stubs.o ABSOLUTE
    _printf_ls                               0x00000000   Number         0  stubs.o ABSOLUTE
    _printf_mbtowc                           0x00000000   Number         0  stubs.o ABSOLUTE
    _printf_n                                0x00000000   Number         0  stubs.o ABSOLUTE
    _printf_o                                0x00000000   Number         0  stubs.o ABSOLUTE
    _printf_p                                0x00000000   Number         0  stubs.o ABSOLUTE
    _printf_percent                          0x00000000   Number         0  stubs.o ABSOLUTE
    _printf_pre_padding                      0x00000000   Number         0  stubs.o ABSOLUTE
    _printf_return_value                     0x00000000   Number         0  stubs.o ABSOLUTE
    _printf_s                                0x00000000   Number         0  stubs.o ABSOLUTE
    _printf_sizespec                         0x00000000   Number         0  stubs.o ABSOLUTE
    _printf_str                              0x00000000   Number         0  stubs.o ABSOLUTE
    _printf_truncate_signed                  0x00000000   Number         0  stubs.o ABSOLUTE
    _printf_truncate_unsigned                0x00000000   Number         0  stubs.o ABSOLUTE
    _printf_u                                0x00000000   Number         0  stubs.o ABSOLUTE
    _printf_wc                               0x00000000   Number         0  stubs.o ABSOLUTE
    _printf_wctomb                           0x00000000   Number         0  stubs.o ABSOLUTE
    _printf_widthprec                        0x00000000   Number         0  stubs.o ABSOLUTE
    _printf_x                                0x00000000   Number         0  stubs.o ABSOLUTE
    __cpp_initialize__aeabi_                  - Undefined Weak Reference
    __cxa_finalize                            - Undefined Weak Reference
    _clock_init                               - Undefined Weak Reference
    _microlib_exit                            - Undefined Weak Reference
    __Vectors_Size                           0x000000ec   Number         0  startup_stm32f10x_md.o ABSOLUTE
    __Vectors                                0x08000000   Data           4  startup_stm32f10x_md.o(RESET)
    __Vectors_End                            0x080000ec   Data           0  startup_stm32f10x_md.o(RESET)
    __main                                   0x080000ed   Thumb Code     0  entry.o(.ARM.Collect$$$$00000000)
    _main_stk                                0x080000ed   Thumb Code     0  entry2.o(.ARM.Collect$$$$00000001)
    _main_scatterload                        0x080000f1   Thumb Code     0  entry5.o(.ARM.Collect$$$$00000004)
    __main_after_scatterload                 0x080000f5   Thumb Code     0  entry5.o(.ARM.Collect$$$$00000004)
    _main_clock                              0x080000f5   Thumb Code     0  entry7b.o(.ARM.Collect$$$$00000008)
    _main_cpp_init                           0x080000f5   Thumb Code     0  entry8b.o(.ARM.Collect$$$$0000000A)
    _main_init                               0x080000f5   Thumb Code     0  entry9a.o(.ARM.Collect$$$$0000000B)
    __rt_final_cpp                           0x080000fd   Thumb Code     0  entry10a.o(.ARM.Collect$$$$0000000D)
    __rt_final_exit                          0x080000fd   Thumb Code     0  entry11a.o(.ARM.Collect$$$$0000000F)
    Reset_Handler                            0x08000101   Thumb Code     8  startup_stm32f10x_md.o(.text)
    OS_CPU_PendSVHandler                     0x08000117   Thumb Code     2  startup_stm32f10x_md.o(.text)
    ADC1_2_IRQHandler                        0x0800011b   Thumb Code     0  startup_stm32f10x_md.o(.text)
    CAN1_RX1_IRQHandler                      0x0800011b   Thumb Code     0  startup_stm32f10x_md.o(.text)
    CAN1_SCE_IRQHandler                      0x0800011b   Thumb Code     0  startup_stm32f10x_md.o(.text)
    DMA1_Channel1_IRQHandler                 0x0800011b   Thumb Code     0  startup_stm32f10x_md.o(.text)
    DMA1_Channel2_IRQHandler                 0x0800011b   Thumb Code     0  startup_stm32f10x_md.o(.text)
    DMA1_Channel3_IRQHandler                 0x0800011b   Thumb Code     0  startup_stm32f10x_md.o(.text)
    DMA1_Channel4_IRQHandler                 0x0800011b   Thumb Code     0  startup_stm32f10x_md.o(.text)
    DMA1_Channel5_IRQHandler                 0x0800011b   Thumb Code     0  startup_stm32f10x_md.o(.text)
    DMA1_Channel6_IRQHandler                 0x0800011b   Thumb Code     0  startup_stm32f10x_md.o(.text)
    DMA1_Channel7_IRQHandler                 0x0800011b   Thumb Code     0  startup_stm32f10x_md.o(.text)
    EXTI0_IRQHandler                         0x0800011b   Thumb Code     0  startup_stm32f10x_md.o(.text)
    EXTI15_10_IRQHandler                     0x0800011b   Thumb Code     0  startup_stm32f10x_md.o(.text)
    EXTI1_IRQHandler                         0x0800011b   Thumb Code     0  startup_stm32f10x_md.o(.text)
    EXTI2_IRQHandler                         0x0800011b   Thumb Code     0  startup_stm32f10x_md.o(.text)
    EXTI3_IRQHandler                         0x0800011b   Thumb Code     0  startup_stm32f10x_md.o(.text)
    EXTI4_IRQHandler                         0x0800011b   Thumb Code     0  startup_stm32f10x_md.o(.text)
    EXTI9_5_IRQHandler                       0x0800011b   Thumb Code     0  startup_stm32f10x_md.o(.text)
    FLASH_IRQHandler                         0x0800011b   Thumb Code     0  startup_stm32f10x_md.o(.text)
    I2C1_ER_IRQHandler                       0x0800011b   Thumb Code     0  startup_stm32f10x_md.o(.text)
    I2C1_EV_IRQHandler                       0x0800011b   Thumb Code     0  startup_stm32f10x_md.o(.text)
    I2C2_ER_IRQHandler                       0x0800011b   Thumb Code     0  startup_stm32f10x_md.o(.text)
    I2C2_EV_IRQHandler                       0x0800011b   Thumb Code     0  startup_stm32f10x_md.o(.text)
    PVD_IRQHandler                           0x0800011b   Thumb Code     0  startup_stm32f10x_md.o(.text)
    RCC_IRQHandler                           0x0800011b   Thumb Code     0  startup_stm32f10x_md.o(.text)
    RTCAlarm_IRQHandler                      0x0800011b   Thumb Code     0  startup_stm32f10x_md.o(.text)
    RTC_IRQHandler                           0x0800011b   Thumb Code     0  startup_stm32f10x_md.o(.text)
    SPI1_IRQHandler                          0x0800011b   Thumb Code     0  startup_stm32f10x_md.o(.text)
    SPI2_IRQHandler                          0x0800011b   Thumb Code     0  startup_stm32f10x_md.o(.text)
    TAMPER_IRQHandler                        0x0800011b   Thumb Code     0  startup_stm32f10x_md.o(.text)
    TIM1_BRK_IRQHandler                      0x0800011b   Thumb Code     0  startup_stm32f10x_md.o(.text)
    TIM1_CC_IRQHandler                       0x0800011b   Thumb Code     0  startup_stm32f10x_md.o(.text)
    TIM1_TRG_COM_IRQHandler                  0x0800011b   Thumb Code     0  startup_stm32f10x_md.o(.text)
    TIM2_IRQHandler                          0x0800011b   Thumb Code     0  startup_stm32f10x_md.o(.text)
    USART1_IRQHandler                        0x0800011b   Thumb Code     0  startup_stm32f10x_md.o(.text)
    USART2_IRQHandler                        0x0800011b   Thumb Code     0  startup_stm32f10x_md.o(.text)
    USART3_IRQHandler                        0x0800011b   Thumb Code     0  startup_stm32f10x_md.o(.text)
    USB_HP_CAN1_TX_IRQHandler                0x0800011b   Thumb Code     0  startup_stm32f10x_md.o(.text)
    WWDG_IRQHandler                          0x0800011b   Thumb Code     0  startup_stm32f10x_md.o(.text)
    __aeabi_ldivmod                          0x08000125   Thumb Code    98  ldiv.o(.text)
    __aeabi_memset                           0x08000187   Thumb Code    14  memseta.o(.text)
    __aeabi_memset4                          0x08000187   Thumb Code     0  memseta.o(.text)
    __aeabi_memset8                          0x08000187   Thumb Code     0  memseta.o(.text)
    __aeabi_memclr                           0x08000195   Thumb Code     4  memseta.o(.text)
    __aeabi_memclr4                          0x08000195   Thumb Code     0  memseta.o(.text)
    __aeabi_memclr8                          0x08000195   Thumb Code     0  memseta.o(.text)
    _memset$wrapper                          0x08000199   Thumb Code    18  memseta.o(.text)
    __aeabi_fadd                             0x080001ab   Thumb Code   164  fadd.o(.text)
    __aeabi_fsub                             0x0800024f   Thumb Code     6  fadd.o(.text)
    __aeabi_frsub                            0x08000255   Thumb Code     6  fadd.o(.text)
    __aeabi_fmul                             0x0800025b   Thumb Code   100  fmul.o(.text)
    __aeabi_fdiv                             0x080002bf   Thumb Code   124  fdiv.o(.text)
    __aeabi_dadd                             0x0800033b   Thumb Code   322  dadd.o(.text)
    __aeabi_dsub                             0x0800047d   Thumb Code     6  dadd.o(.text)
    __aeabi_drsub                            0x08000483   Thumb Code     6  dadd.o(.text)
    __aeabi_dmul                             0x08000489   Thumb Code   228  dmul.o(.text)
    __aeabi_i2f                              0x0800056d   Thumb Code    18  fflti.o(.text)
    __aeabi_ui2f                             0x0800057f   Thumb Code    10  ffltui.o(.text)
    __aeabi_l2f                              0x08000589   Thumb Code    44  ffltl.o(.text)
    __aeabi_i2d                              0x080005b5   Thumb Code    34  dflti.o(.text)
    __aeabi_f2lz                             0x080005d7   Thumb Code    66  ffixl.o(.text)
    __aeabi_f2d                              0x08000619   Thumb Code    38  f2d.o(.text)
    __aeabi_cdrcmple                         0x08000641   Thumb Code    48  cdrcmple.o(.text)
    __aeabi_d2f                              0x08000671   Thumb Code    56  d2f.o(.text)
    __aeabi_cfcmpeq                          0x080006a9   Thumb Code     0  cfcmple.o(.text)
    __aeabi_cfcmple                          0x080006a9   Thumb Code    20  cfcmple.o(.text)
    __aeabi_cfrcmple                         0x080006bd   Thumb Code    20  cfrcmple.o(.text)
    __aeabi_uldivmod                         0x080006d1   Thumb Code    98  uldiv.o(.text)
    __aeabi_llsl                             0x08000733   Thumb Code    30  llshl.o(.text)
    _ll_shift_l                              0x08000733   Thumb Code     0  llshl.o(.text)
    __aeabi_lasr                             0x08000751   Thumb Code    36  llsshr.o(.text)
    _ll_sshift_r                             0x08000751   Thumb Code     0  llsshr.o(.text)
    __I$use$fp                               0x08000775   Thumb Code     0  iusefp.o(.text)
    _float_round                             0x08000775   Thumb Code    18  fepilogue.o(.text)
    _float_epilogue                          0x08000787   Thumb Code    92  fepilogue.o(.text)
    __ARM_scalbnf                            0x080007e3   Thumb Code    24  fscalb.o(.text)
    scalbnf                                  0x080007e3   Thumb Code     0  fscalb.o(.text)
    _double_round                            0x080007fb   Thumb Code    30  depilogue.o(.text)
    _double_epilogue                         0x08000819   Thumb Code   156  depilogue.o(.text)
    __aeabi_ddiv                             0x080008b5   Thumb Code   222  ddiv.o(.text)
    __ARM_scalbn                             0x08000993   Thumb Code    46  dscalb.o(.text)
    scalbn                                   0x08000993   Thumb Code     0  dscalb.o(.text)
    __scatterload                            0x080009c1   Thumb Code    28  init.o(.text)
    __scatterload_rt2                        0x080009c1   Thumb Code     0  init.o(.text)
    __aeabi_llsr                             0x080009e5   Thumb Code    32  llushr.o(.text)
    _ll_ushift_r                             0x080009e5   Thumb Code     0  llushr.o(.text)
    _fsqrt                                   0x08000a05   Thumb Code    94  fsqrt.o(.text)
    _dsqrt                                   0x08000a63   Thumb Code   162  dsqrt.o(.text)
    __decompress                             0x08000b05   Thumb Code     0  __dczerorl2.o(.text)
    __decompress1                            0x08000b05   Thumb Code    86  __dczerorl2.o(.text)
    Angle_Get                                0x08000b5d   Thumb Code    84  imu.o(i.Angle_Get)
    BusFault_Handler                         0x08000bc1   Thumb Code     4  stm32f10x_it.o(i.BusFault_Handler)
    ByteSwap                                 0x08000bc5   Thumb Code    12  usb_regs.o(i.ByteSwap)
    CTR_LP                                   0x08000bd1   Thumb Code   616  usb_int.o(i.CTR_LP)
    ClearDTOG_RX                             0x08000e59   Thumb Code    48  usb_regs.o(i.ClearDTOG_RX)
    ClearDTOG_TX                             0x08000e8d   Thumb Code    48  usb_regs.o(i.ClearDTOG_TX)
    Clear_Status_Out                         0x08000ec1   Thumb Code    34  usb_regs.o(i.Clear_Status_Out)
    DataScope_Data_Generate                  0x08000ee9   Thumb Code   148  datascope_dp.o(i.DataScope_Data_Generate)
    DataScope_Get_Channel_Data               0x08000f81   Thumb Code   158  datascope_dp.o(i.DataScope_Get_Channel_Data)
    DebugMon_Handler                         0x08001439   Thumb Code     2  stm32f10x_it.o(i.DebugMon_Handler)
    DelayMs                                  0x0800143b   Thumb Code    18  stm32fx_delay.o(i.DelayMs)
    DelayUs                                  0x0800144d   Thumb Code    26  stm32fx_delay.o(i.DelayUs)
    EP1_IN_Callback                          0x08001469   Thumb Code    66  usb_endp.o(i.EP1_IN_Callback)
    EP3_OUT_Callback                         0x080014b9   Thumb Code    28  usb_endp.o(i.EP3_OUT_Callback)
    EXTI_ClearITPendingBit                   0x080014d9   Thumb Code     6  stm32f10x_exti.o(i.EXTI_ClearITPendingBit)
    Flag_Clear                               0x080014e5   Thumb Code    60  bf_status_mini_system.o(i.Flag_Clear)
    Float2Byte                               0x0800152d   Thumb Code    28  datascope_dp.o(i.Float2Byte)
    GPIO_Init                                0x08001549   Thumb Code   278  stm32f10x_gpio.o(i.GPIO_Init)
    GPIO_PinRemapConfig                      0x08001661   Thumb Code   138  stm32f10x_gpio.o(i.GPIO_PinRemapConfig)
    GPIO_QuickInit                           0x080016f1   Thumb Code    40  stm32f10x_gpio.o(i.GPIO_QuickInit)
    GPIO_ReadInputDataBit                    0x08001719   Thumb Code    18  stm32f10x_gpio.o(i.GPIO_ReadInputDataBit)
    GPIO_ResetBits                           0x0800172b   Thumb Code     4  stm32f10x_gpio.o(i.GPIO_ResetBits)
    GPIO_SetBits                             0x0800172f   Thumb Code     4  stm32f10x_gpio.o(i.GPIO_SetBits)
    GetEPRxAddr                              0x08001735   Thumb Code    24  usb_regs.o(i.GetEPRxAddr)
    GetEPRxCount                             0x08001755   Thumb Code    26  usb_regs.o(i.GetEPRxCount)
    GetEPTxAddr                              0x08001779   Thumb Code    22  usb_regs.o(i.GetEPTxAddr)
    Get_SerialNum                            0x08001799   Thumb Code    42  hw_config.o(i.Get_SerialNum)
    HardFault_Handler                        0x080017cd   Thumb Code     4  stm32f10x_it.o(i.HardFault_Handler)
    IIR_I_Filter                             0x080017d1   Thumb Code   242  bf_status_mini_filter.o(i.IIR_I_Filter)
    In0_Process                              0x080018c5   Thumb Code    98  usb_core.o(i.In0_Process)
    LPF_1st                                  0x08001973   Thumb Code    50  bf_status_mini_filter.o(i.LPF_1st)
    Leave_LowPowerMode                       0x080019a5   Thumb Code    22  hw_config.o(i.Leave_LowPowerMode)
    MAG_Get_Fuse                             0x080019c5   Thumb Code    34  mpu9250.o(i.MAG_Get_Fuse)
    MPU_Read                                 0x080019ed   Thumb Code   898  mpu9250.o(i.MPU_Read)
    MemManage_Handler                        0x08001d7d   Thumb Code     4  stm32f10x_it.o(i.MemManage_Handler)
    NMI_Handler                              0x08001d81   Thumb Code     2  stm32f10x_it.o(i.NMI_Handler)
    NOP_Process                              0x08001d83   Thumb Code     2  usb_core.o(i.NOP_Process)
    NVIC_Init                                0x08001d85   Thumb Code   100  misc.o(i.NVIC_Init)
    NVIC_PriorityGroupConfig                 0x08001df5   Thumb Code    10  misc.o(i.NVIC_PriorityGroupConfig)
    Out0_Process                             0x08001f41   Thumb Code    70  usb_core.o(i.Out0_Process)
    PMAToUserBufferCopy                      0x08001f91   Thumb Code    34  usb_mem.o(i.PMAToUserBufferCopy)
    Post0_Process                            0x08001fb9   Thumb Code    54  usb_core.o(i.Post0_Process)
    PowerOn                                  0x08002001   Thumb Code    54  usb_pwr.o(i.PowerOn)
    QUEUE_PacketCreate                       0x08002041   Thumb Code    14  queue.o(i.QUEUE_PacketCreate)
    QUEUE_PacketIn                           0x0800204f   Thumb Code    60  queue.o(i.QUEUE_PacketIn)
    QUEUE_PacketOut                          0x0800208b   Thumb Code    58  queue.o(i.QUEUE_PacketOut)
    Q_rsqrt                                  0x080020c5   Thumb Code    74  bf_status_mini_math.o(i.Q_rsqrt)
    Quaternion_Get                           0x08002115   Thumb Code   498  imu.o(i.Quaternion_Get)
    Quaternion_Normalize                     0x08002331   Thumb Code   122  imu.o(i.Quaternion_Normalize)
    Quaternion_RungeKutta                    0x080023ab   Thumb Code   288  imu.o(i.Quaternion_RungeKutta)
    Quaternion_ToAngE                        0x080024cd   Thumb Code   296  imu.o(i.Quaternion_ToAngE)
    Quaternion_vectorGravity                 0x080025f9   Thumb Code   148  imu.o(i.Quaternion_vectorGravity)
    RCC_APB1PeriphClockCmd                   0x0800268d   Thumb Code    26  stm32f10x_rcc.o(i.RCC_APB1PeriphClockCmd)
    RCC_APB1PeriphResetCmd                   0x080026ad   Thumb Code    26  stm32f10x_rcc.o(i.RCC_APB1PeriphResetCmd)
    RCC_APB2PeriphClockCmd                   0x080026cd   Thumb Code    26  stm32f10x_rcc.o(i.RCC_APB2PeriphClockCmd)
    RCC_APB2PeriphResetCmd                   0x080026ed   Thumb Code    26  stm32f10x_rcc.o(i.RCC_APB2PeriphResetCmd)
    RCC_USBCLKConfig                         0x0800270d   Thumb Code     6  stm32f10x_rcc.o(i.RCC_USBCLKConfig)
    RC_Timer_Init                            0x08002719   Thumb Code   218  bf_status_mini_rc.o(i.RC_Timer_Init)
    Resume                                   0x08002801   Thumb Code   194  usb_pwr.o(i.Resume)
    Resume_Init                              0x080028d1   Thumb Code    30  usb_pwr.o(i.Resume_Init)
    SOF_Callback                             0x080028f5   Thumb Code    84  usb_endp.o(i.SOF_Callback)
    SPI_Cmd                                  0x08002959   Thumb Code    24  stm32f10x_spi.o(i.SPI_Cmd)
    SPI_I2S_GetFlagStatus                    0x08002971   Thumb Code    18  stm32f10x_spi.o(i.SPI_I2S_GetFlagStatus)
    SPI_I2S_ReceiveData                      0x08002983   Thumb Code     6  stm32f10x_spi.o(i.SPI_I2S_ReceiveData)
    SPI_I2S_SendData                         0x08002989   Thumb Code     4  stm32f10x_spi.o(i.SPI_I2S_SendData)
    SPI_INIT                                 0x0800298d   Thumb Code   170  stm32f10x_spi.o(i.SPI_INIT)
    SPI_Init                                 0x08002a4d   Thumb Code    60  stm32f10x_spi.o(i.SPI_Init)
    SPI_MPU_MAG_AUTO_Reading                 0x08002a89   Thumb Code    28  mpu9250.o(i.SPI_MPU_MAG_AUTO_Reading)
    SPI_MPU_MAG_SingleReadReg                0x08002aa5   Thumb Code    64  mpu9250.o(i.SPI_MPU_MAG_SingleReadReg)
    SPI_MPU_MAG_SingleWriteReg               0x08002ae5   Thumb Code    60  mpu9250.o(i.SPI_MPU_MAG_SingleWriteReg)
    SPI_MPU_ReadReg                          0x08002b21   Thumb Code    60  mpu9250.o(i.SPI_MPU_ReadReg)
    SPI_MPU_SingleReadReg                    0x08002b61   Thumb Code    38  mpu9250.o(i.SPI_MPU_SingleReadReg)
    SPI_MPU_SingleWriteReg                   0x08002b91   Thumb Code    38  mpu9250.o(i.SPI_MPU_SingleWriteReg)
    SPI_MS_ReadReg                           0x08002bc1   Thumb Code    52  ms5611.o(i.SPI_MS_ReadReg)
    SPI_RW                                   0x08002bf9   Thumb Code    50  stm32f10x_spi.o(i.SPI_RW)
    SVC_Handler                              0x08002c31   Thumb Code     2  stm32f10x_it.o(i.SVC_Handler)
    Send_Once                                0x08002c35   Thumb Code    84  datascope_dp.o(i.Send_Once)
    Sensor_Get                               0x08002c91   Thumb Code   324  imu.o(i.Sensor_Get)
    SetBTABLE                                0x08002e05   Thumb Code    12  usb_regs.o(i.SetBTABLE)
    SetDeviceAddress                         0x08002e15   Thumb Code    68  usb_core.o(i.SetDeviceAddress)
    SetEPRxAddr                              0x08002e65   Thumb Code    26  usb_regs.o(i.SetEPRxAddr)
    SetEPRxCount                             0x08002e89   Thumb Code    68  usb_regs.o(i.SetEPRxCount)
    SetEPRxStatus                            0x08002ed5   Thumb Code    60  usb_regs.o(i.SetEPRxStatus)
    SetEPRxValid                             0x08002f15   Thumb Code    48  usb_regs.o(i.SetEPRxValid)
    SetEPTxAddr                              0x08002f49   Thumb Code    24  usb_regs.o(i.SetEPTxAddr)
    SetEPTxCount                             0x08002f69   Thumb Code    20  usb_regs.o(i.SetEPTxCount)
    SetEPTxStatus                            0x08002f85   Thumb Code    60  usb_regs.o(i.SetEPTxStatus)
    SetEPTxValid                             0x08002fc5   Thumb Code    48  usb_regs.o(i.SetEPTxValid)
    SetEPType                                0x08002ff9   Thumb Code    32  usb_regs.o(i.SetEPType)
    Set_System                               0x08003105   Thumb Code    84  hw_config.o(i.Set_System)
    Set_USBClock                             0x08003171   Thumb Code    18  hw_config.o(i.Set_USBClock)
    Setup0_Process                           0x08003185   Thumb Code   170  usb_core.o(i.Setup0_Process)
    Standard_ClearFeature                    0x0800323d   Thumb Code   342  usb_core.o(i.Standard_ClearFeature)
    Standard_GetConfiguration                0x080033a9   Thumb Code    34  usb_core.o(i.Standard_GetConfiguration)
    Standard_GetDescriptorData               0x080033d5   Thumb Code    32  usb_core.o(i.Standard_GetDescriptorData)
    Standard_GetInterface                    0x080033f9   Thumb Code    34  usb_core.o(i.Standard_GetInterface)
    Standard_GetStatus                       0x08003425   Thumb Code   238  usb_core.o(i.Standard_GetStatus)
    Standard_SetConfiguration                0x08003525   Thumb Code    60  usb_core.o(i.Standard_SetConfiguration)
    Standard_SetDeviceFeature                0x0800356d   Thumb Code    30  usb_core.o(i.Standard_SetDeviceFeature)
    Standard_SetEndPointFeature              0x08003595   Thumb Code   192  usb_core.o(i.Standard_SetEndPointFeature)
    Standard_SetInterface                    0x08003665   Thumb Code    96  usb_core.o(i.Standard_SetInterface)
    Suspend                                  0x080036d1   Thumb Code   238  usb_pwr.o(i.Suspend)
    SysTick_Handler                          0x080037d5   Thumb Code     2  stm32f10x_it.o(i.SysTick_Handler)
    SystemInit                               0x080037d9   Thumb Code    78  system_stm32f10x.o(i.SystemInit)
    TIM1_UP_IRQHandler                       0x08003a79   Thumb Code    34  stm32f10x_it.o(i.TIM1_UP_IRQHandler)
    TIM3_IRQHandler                          0x08003aa9   Thumb Code   234  bf_status_mini_rc.o(i.TIM3_IRQHandler)
    TIM4_IRQHandler                          0x08003ba1   Thumb Code   236  bf_status_mini_rc.o(i.TIM4_IRQHandler)
    TIM_ClearFlag                            0x08003c99   Thumb Code     6  stm32f10x_tim.o(i.TIM_ClearFlag)
    TIM_ClearITPendingBit                    0x08003c9f   Thumb Code     6  stm32f10x_tim.o(i.TIM_ClearITPendingBit)
    TIM_Cmd                                  0x08003ca5   Thumb Code    24  stm32f10x_tim.o(i.TIM_Cmd)
    TIM_DeInit                               0x08003cbd   Thumb Code   424  stm32f10x_tim.o(i.TIM_DeInit)
    TIM_GetCapture1                          0x08003ea5   Thumb Code     6  stm32f10x_tim.o(i.TIM_GetCapture1)
    TIM_GetCapture2                          0x08003eab   Thumb Code     6  stm32f10x_tim.o(i.TIM_GetCapture2)
    TIM_GetCapture3                          0x08003eb1   Thumb Code     6  stm32f10x_tim.o(i.TIM_GetCapture3)
    TIM_GetCapture4                          0x08003eb7   Thumb Code     8  stm32f10x_tim.o(i.TIM_GetCapture4)
    TIM_GetITStatus                          0x08003ebf   Thumb Code    34  stm32f10x_tim.o(i.TIM_GetITStatus)
    TIM_ICInit                               0x08003ee1   Thumb Code   150  stm32f10x_tim.o(i.TIM_ICInit)
    TIM_ITConfig                             0x08003f8d   Thumb Code    18  stm32f10x_tim.o(i.TIM_ITConfig)
    TIM_OC1Init                              0x08003fa1   Thumb Code   132  stm32f10x_tim.o(i.TIM_OC1Init)
    TIM_OC1PolarityConfig                    0x08004039   Thumb Code    18  stm32f10x_tim.o(i.TIM_OC1PolarityConfig)
    TIM_OC1PreloadConfig                     0x0800404b   Thumb Code    18  stm32f10x_tim.o(i.TIM_OC1PreloadConfig)
    TIM_OC2Init                              0x0800405d   Thumb Code   154  stm32f10x_tim.o(i.TIM_OC2Init)
    TIM_OC2PolarityConfig                    0x08004101   Thumb Code    26  stm32f10x_tim.o(i.TIM_OC2PolarityConfig)
    TIM_OC2PreloadConfig                     0x0800411b   Thumb Code    26  stm32f10x_tim.o(i.TIM_OC2PreloadConfig)
    TIM_OC3Init                              0x08004135   Thumb Code   150  stm32f10x_tim.o(i.TIM_OC3Init)
    TIM_OC3PolarityConfig                    0x080041d5   Thumb Code    26  stm32f10x_tim.o(i.TIM_OC3PolarityConfig)
    TIM_OC3PreloadConfig                     0x080041ef   Thumb Code    18  stm32f10x_tim.o(i.TIM_OC3PreloadConfig)
    TIM_OC4Init                              0x08004201   Thumb Code   114  stm32f10x_tim.o(i.TIM_OC4Init)
    TIM_OC4PolarityConfig                    0x0800427d   Thumb Code    26  stm32f10x_tim.o(i.TIM_OC4PolarityConfig)
    TIM_OC4PreloadConfig                     0x08004297   Thumb Code    26  stm32f10x_tim.o(i.TIM_OC4PreloadConfig)
    TIM_OCStructInit                         0x080042b1   Thumb Code    20  stm32f10x_tim.o(i.TIM_OCStructInit)
    TIM_SetIC1Prescaler                      0x080042c5   Thumb Code    18  stm32f10x_tim.o(i.TIM_SetIC1Prescaler)
    TIM_SetIC2Prescaler                      0x080042d7   Thumb Code    26  stm32f10x_tim.o(i.TIM_SetIC2Prescaler)
    TIM_SetIC3Prescaler                      0x080042f1   Thumb Code    18  stm32f10x_tim.o(i.TIM_SetIC3Prescaler)
    TIM_SetIC4Prescaler                      0x08004303   Thumb Code    26  stm32f10x_tim.o(i.TIM_SetIC4Prescaler)
    TIM_TimeBaseInit                         0x0800431d   Thumb Code   122  stm32f10x_tim.o(i.TIM_TimeBaseInit)
    Time_slice                               0x080043c1   Thumb Code    86  bf_status_mini_system.o(i.Time_slice)
    USBWakeUp_IRQHandler                     0x08004421   Thumb Code    12  usb_it.o(i.USBWakeUp_IRQHandler)
    USB_Cable_Config                         0x0800442d   Thumb Code    30  hw_config.o(i.USB_Cable_Config)
    USB_Config                               0x08004451   Thumb Code    20  hw_config.o(i.USB_Config)
    USB_Init                                 0x08004465   Thumb Code    36  usb_init.o(i.USB_Init)
    USB_Interrupts_Config                    0x080044a1   Thumb Code    52  hw_config.o(i.USB_Interrupts_Config)
    USB_Istr                                 0x080044d5   Thumb Code   426  usb_istr.o(i.USB_Istr)
    USB_LP_CAN1_RX0_IRQHandler               0x080046a5   Thumb Code     8  usb_it.o(i.USB_LP_CAN1_RX0_IRQHandler)
    USB_RxWrite                              0x080046ad   Thumb Code    18  hw_config.o(i.USB_RxWrite)
    USB_SIL_Init                             0x080046c5   Thumb Code    28  usb_sil.o(i.USB_SIL_Init)
    USB_SIL_Read                             0x080046e9   Thumb Code    46  usb_sil.o(i.USB_SIL_Read)
    USB_TxRead                               0x08004719   Thumb Code    18  hw_config.o(i.USB_TxRead)
    USB_TxWrite                              0x08004731   Thumb Code    18  hw_config.o(i.USB_TxWrite)
    UsageFault_Handler                       0x08004749   Thumb Code     4  stm32f10x_it.o(i.UsageFault_Handler)
    UserToPMABufferCopy                      0x0800474d   Thumb Code    52  usb_mem.o(i.UserToPMABufferCopy)
    VariableParameter                        0x08004785   Thumb Code    92  bf_status_mini_math.o(i.VariableParameter)
    Virtual_Com_Port_Data_Setup              0x080047f1   Thumb Code    82  usb_prop.o(i.Virtual_Com_Port_Data_Setup)
    Virtual_Com_Port_GetConfigDescriptor     0x08004855   Thumb Code    14  usb_prop.o(i.Virtual_Com_Port_GetConfigDescriptor)
    Virtual_Com_Port_GetDeviceDescriptor     0x08004869   Thumb Code    14  usb_prop.o(i.Virtual_Com_Port_GetDeviceDescriptor)
    Virtual_Com_Port_GetLineCoding           0x0800487d   Thumb Code    20  usb_prop.o(i.Virtual_Com_Port_GetLineCoding)
    Virtual_Com_Port_GetStringDescriptor     0x08004899   Thumb Code    32  usb_prop.o(i.Virtual_Com_Port_GetStringDescriptor)
    Virtual_Com_Port_Get_Interface_Setting   0x080048c1   Thumb Code    22  usb_prop.o(i.Virtual_Com_Port_Get_Interface_Setting)
    Virtual_Com_Port_NoData_Setup            0x080048d9   Thumb Code    36  usb_prop.o(i.Virtual_Com_Port_NoData_Setup)
    Virtual_Com_Port_Reset                   0x08004901   Thumb Code   216  usb_prop.o(i.Virtual_Com_Port_Reset)
    Virtual_Com_Port_SetConfiguration        0x080049e9   Thumb Code    14  usb_prop.o(i.Virtual_Com_Port_SetConfiguration)
    Virtual_Com_Port_SetDeviceAddress        0x08004a01   Thumb Code     8  usb_prop.o(i.Virtual_Com_Port_SetDeviceAddress)
    Virtual_Com_Port_SetLineCoding           0x08004a0d   Thumb Code    20  usb_prop.o(i.Virtual_Com_Port_SetLineCoding)
    Virtual_Com_Port_Status_In               0x08004a29   Thumb Code    16  usb_prop.o(i.Virtual_Com_Port_Status_In)
    Virtual_Com_Port_Status_Out              0x08004a3d   Thumb Code     2  usb_prop.o(i.Virtual_Com_Port_Status_Out)
    Virtual_Com_Port_init                    0x08004a41   Thumb Code    30  usb_prop.o(i.Virtual_Com_Port_init)
    __0printf$8                              0x08004a69   Thumb Code    22  printf8.o(i.__0printf$8)
    __1printf$8                              0x08004a69   Thumb Code     0  printf8.o(i.__0printf$8)
    __2printf                                0x08004a69   Thumb Code     0  printf8.o(i.__0printf$8)
    __ARM_fpclassify                         0x08004a89   Thumb Code    40  fpclassify.o(i.__ARM_fpclassify)
    __ARM_fpclassifyf                        0x08004ab1   Thumb Code    38  fpclassifyf.o(i.__ARM_fpclassifyf)
    __kernel_poly                            0x08004ad7   Thumb Code   170  poly.o(i.__kernel_poly)
    __mathlib_dbl_divzero                    0x08004b81   Thumb Code    12  dunder.o(i.__mathlib_dbl_divzero)
    __mathlib_dbl_infnan2                    0x08004b91   Thumb Code     4  dunder.o(i.__mathlib_dbl_infnan2)
    __mathlib_dbl_invalid                    0x08004b95   Thumb Code    12  dunder.o(i.__mathlib_dbl_invalid)
    __mathlib_dbl_overflow                   0x08004ba1   Thumb Code    14  dunder.o(i.__mathlib_dbl_overflow)
    __mathlib_dbl_underflow                  0x08004bb1   Thumb Code    10  dunder.o(i.__mathlib_dbl_underflow)
    __mathlib_flt_infnan                     0x08004bc1   Thumb Code     6  funder.o(i.__mathlib_flt_infnan)
    __mathlib_flt_infnan2                    0x08004bc7   Thumb Code     4  funder.o(i.__mathlib_flt_infnan2)
    __mathlib_flt_invalid                    0x08004bcb   Thumb Code     8  funder.o(i.__mathlib_flt_invalid)
    __mathlib_flt_underflow                  0x08004bd3   Thumb Code    10  funder.o(i.__mathlib_flt_underflow)
    __scatterload_copy                       0x08004bdd   Thumb Code    14  handlers.o(i.__scatterload_copy)
    __scatterload_null                       0x08004beb   Thumb Code     2  handlers.o(i.__scatterload_null)
    __scatterload_zeroinit                   0x08004bed   Thumb Code    14  handlers.o(i.__scatterload_zeroinit)
    __set_errno                              0x08004bfd   Thumb Code     6  errno.o(i.__set_errno)
    asinf                                    0x0800506d   Thumb Code   254  asinf.o(i.asinf)
    atan2f                                   0x08005191   Thumb Code   528  atan2f.o(i.atan2f)
    data_save                                0x080053ed   Thumb Code   308  bf_status_mini_system.o(i.data_save)
    fputc                                    0x0800555d   Thumb Code    16  hw_config.o(i.fputc)
    get_altitude                             0x0800556d   Thumb Code   102  ms5611.o(i.get_altitude)
    led_init                                 0x080055ed   Thumb Code    72  led.o(i.led_init)
    led_ref                                  0x08005651   Thumb Code    68  led.o(i.led_ref)
    main                                     0x080056a1   Thumb Code    68  main.o(i.main)
    motor_init                               0x080056ed   Thumb Code   214  motor.o(i.motor_init)
    mpu_init                                 0x080057d1   Thumb Code   234  mpu9250.o(i.mpu_init)
    ms5611_handle                            0x08005905   Thumb Code   166  ms5611.o(i.ms5611_handle)
    ms5611_read_adc                          0x080059b1   Thumb Code    40  ms5611.o(i.ms5611_read_adc)
    ms5611_read_baro                         0x080059d9   Thumb Code   650  ms5611.o(i.ms5611_read_baro)
    ms5611_read_fac                          0x08005c71   Thumb Code   148  ms5611.o(i.ms5611_read_fac)
    ms5611_read_temp                         0x08005d1d   Thumb Code    12  ms5611.o(i.ms5611_read_temp)
    ms5611_reset                             0x08005d2d   Thumb Code    64  ms5611.o(i.ms5611_reset)
    ms5611_start_conversion                  0x08005d79   Thumb Code    38  ms5611.o(i.ms5611_start_conversion)
    pow                                      0x08005da5   Thumb Code  2512  pow.o(i.pow)
    sqrt                                     0x0800677d   Thumb Code    76  sqrt.o(i.sqrt)
    sqrtf                                    0x080067c9   Thumb Code    44  sqrtf.o(i.sqrtf)
    system_init                              0x080067f5   Thumb Code   106  bf_status_mini_system.o(i.system_init)
    time_init                                0x0800688d   Thumb Code   164  bf_status_mini_system.o(i.time_init)
    Virtual_Com_Port_DeviceDescriptor        0x08006934   Data          18  usb_desc.o(.constdata)
    Virtual_Com_Port_ConfigDescriptor        0x08006946   Data          67  usb_desc.o(.constdata)
    Virtual_Com_Port_StringLangID            0x08006989   Data           4  usb_desc.o(.constdata)
    Virtual_Com_Port_StringVendor            0x0800698d   Data          24  usb_desc.o(.constdata)
    Virtual_Com_Port_StringProduct           0x080069a5   Data          38  usb_desc.o(.constdata)
    __mathlib_zero                           0x08006a58   Data           8  qnan.o(.constdata)
    Region$$Table$$Base                      0x08006a60   Number         0  anon$$obj.o(Region$$Table)
    Region$$Table$$Limit                     0x08006a80   Number         0  anon$$obj.o(Region$$Table)
    SystemCoreClock                          0x20000000   Data           4  system_stm32f10x.o(.data)
    AHBPrescTable                            0x20000004   Data          16  system_stm32f10x.o(.data)
    TimeKatawa                               0x2000001c   Data           3  bf_status_mini_global.o(.data)
    NumQ                                     0x20000020   Data          16  bf_status_mini_global.o(.data)
    battery                                  0x20000030   Data           8  bf_status_mini_global.o(.data)
    b_IIR                                    0x20000038   Data          40  bf_status_mini_filter.o(.data)
    a_IIR                                    0x20000060   Data          40  bf_status_mini_filter.o(.data)
    Virtual_Com_Port_StringSerial            0x200000a0   Data          38  usb_desc.o(.data)
    wIstr                                    0x200000d0   Data           2  usb_istr.o(.data)
    bIntPackSOF                              0x200000d2   Data           1  usb_istr.o(.data)
    esof_counter                             0x200000d4   Data           4  usb_istr.o(.data)
    wCNTR                                    0x200000d8   Data           4  usb_istr.o(.data)
    pEpInt_IN                                0x200000dc   Data          28  usb_istr.o(.data)
    pEpInt_OUT                               0x200000f8   Data          28  usb_istr.o(.data)
    Request                                  0x20000114   Data           1  usb_prop.o(.data)
    linecoding                               0x20000118   Data           8  usb_prop.o(.data)
    Device_Table                             0x20000120   Data           2  usb_prop.o(.data)
    Device_Property                          0x20000124   Data          48  usb_prop.o(.data)
    User_Standard_Requests                   0x20000154   Data          36  usb_prop.o(.data)
    Device_Descriptor                        0x20000178   Data           8  usb_prop.o(.data)
    Config_Descriptor                        0x20000180   Data           8  usb_prop.o(.data)
    String_Descriptor                        0x20000188   Data          32  usb_prop.o(.data)
    bDeviceState                             0x200001a8   Data           4  usb_pwr.o(.data)
    fSuspendEnabled                          0x200001ac   Data           1  usb_pwr.o(.data)
    ResumeS                                  0x200001ad   Data           2  usb_pwr.o(.data)
    remotewakeupon                           0x200001b0   Data           4  usb_pwr.o(.data)
    StatusInfo                               0x200001b4   Data           2  usb_core.o(.data)
    Data_Mul_MaxPacketSize                   0x200001b6   Data           1  usb_core.o(.data)
    EPindex                                  0x200001b8   Data           1  usb_init.o(.data)
    pInformation                             0x200001bc   Data           4  usb_init.o(.data)
    pProperty                                0x200001c0   Data           4  usb_init.o(.data)
    SaveState                                0x200001c4   Data           2  usb_init.o(.data)
    wInterrupt_Mask                          0x200001c6   Data           2  usb_init.o(.data)
    pUser_Standard_Requests                  0x200001c8   Data           4  usb_init.o(.data)
    SaveRState                               0x200001cc   Data           2  usb_int.o(.data)
    SaveTState                               0x200001ce   Data           2  usb_int.o(.data)
    __stdout                                 0x200001d0   Data           4  stdout.o(.data)
    DataScope_OutPut_Buffer                  0x200001d8   Data          42  datascope_dp.o(.bss)
    flag                                     0x20000204   Data          16  bf_status_mini_global.o(.bss)
    sensor_mpu                               0x20000214   Data         124  bf_status_mini_global.o(.bss)
    sensor_mag                               0x20000290   Data          40  bf_status_mini_global.o(.bss)
    sensor_ms                                0x200002b8   Data          84  bf_status_mini_global.o(.bss)
    ctrl                                     0x2000030c   Data         288  bf_status_mini_global.o(.bss)
    Target                                   0x2000042c   Data          12  bf_status_mini_global.o(.bss)
    RC_Data                                  0x20000438   Data          32  bf_status_mini_global.o(.bss)
    Angle                                    0x20000458   Data          24  bf_status_mini_global.o(.bss)
    InPut_IIR                                0x20000470   Data         120  bf_status_mini_filter.o(.bss)
    OutPut_IIR                               0x200004e8   Data         120  bf_status_mini_filter.o(.bss)
    USART_InitStructure                      0x20000560   Data          16  hw_config.o(.bss)
    EP                                       0x20001010   Data          32  usb_pwr.o(.bss)
    Device_Info                              0x20001030   Data          28  usb_init.o(.bss)
    __initial_sp                             0x20001450   Data           0  startup_stm32f10x_md.o(STACK)



==============================================================================

Memory Map of the image

  Image Entry point : 0x080000ed

  Load Region LR_IROM1 (Base: 0x08000000, Size: 0x00006c58, Max: 0x00010000, ABSOLUTE, COMPRESSED[0x00006b50])

    Execution Region ER_IROM1 (Base: 0x08000000, Size: 0x00006a80, Max: 0x00010000, ABSOLUTE)

    Base Addr    Size         Type   Attr      Idx    E Section Name        Object

    0x08000000   0x000000ec   Data   RO            3    RESET               startup_stm32f10x_md.o
    0x080000ec   0x00000000   Code   RO         3597  * .ARM.Collect$$$$00000000  mc_w.l(entry.o)
    0x080000ec   0x00000004   Code   RO         3957    .ARM.Collect$$$$00000001  mc_w.l(entry2.o)
    0x080000f0   0x00000004   Code   RO         3960    .ARM.Collect$$$$00000004  mc_w.l(entry5.o)
    0x080000f4   0x00000000   Code   RO         3962    .ARM.Collect$$$$00000008  mc_w.l(entry7b.o)
    0x080000f4   0x00000000   Code   RO         3964    .ARM.Collect$$$$0000000A  mc_w.l(entry8b.o)
    0x080000f4   0x00000008   Code   RO         3965    .ARM.Collect$$$$0000000B  mc_w.l(entry9a.o)
    0x080000fc   0x00000000   Code   RO         3967    .ARM.Collect$$$$0000000D  mc_w.l(entry10a.o)
    0x080000fc   0x00000000   Code   RO         3969    .ARM.Collect$$$$0000000F  mc_w.l(entry11a.o)
    0x080000fc   0x00000004   Code   RO         3958    .ARM.Collect$$$$00002712  mc_w.l(entry2.o)
    0x08000100   0x00000024   Code   RO            4    .text               startup_stm32f10x_md.o
    0x08000124   0x00000062   Code   RO         3600    .text               mc_w.l(ldiv.o)
    0x08000186   0x00000024   Code   RO         3604    .text               mc_w.l(memseta.o)
    0x080001aa   0x000000b0   Code   RO         3869    .text               mf_w.l(fadd.o)
    0x0800025a   0x00000064   Code   RO         3871    .text               mf_w.l(fmul.o)
    0x080002be   0x0000007c   Code   RO         3873    .text               mf_w.l(fdiv.o)
    0x0800033a   0x0000014e   Code   RO         3875    .text               mf_w.l(dadd.o)
    0x08000488   0x000000e4   Code   RO         3877    .text               mf_w.l(dmul.o)
    0x0800056c   0x00000012   Code   RO         3879    .text               mf_w.l(fflti.o)
    0x0800057e   0x0000000a   Code   RO         3881    .text               mf_w.l(ffltui.o)
    0x08000588   0x0000002c   Code   RO         3883    .text               mf_w.l(ffltl.o)
    0x080005b4   0x00000022   Code   RO         3885    .text               mf_w.l(dflti.o)
    0x080005d6   0x00000042   Code   RO         3889    .text               mf_w.l(ffixl.o)
    0x08000618   0x00000026   Code   RO         3891    .text               mf_w.l(f2d.o)
    0x0800063e   0x00000002   PAD
    0x08000640   0x00000030   Code   RO         3895    .text               mf_w.l(cdrcmple.o)
    0x08000670   0x00000038   Code   RO         3897    .text               mf_w.l(d2f.o)
    0x080006a8   0x00000014   Code   RO         3899    .text               mf_w.l(cfcmple.o)
    0x080006bc   0x00000014   Code   RO         3901    .text               mf_w.l(cfrcmple.o)
    0x080006d0   0x00000062   Code   RO         3974    .text               mc_w.l(uldiv.o)
    0x08000732   0x0000001e   Code   RO         3976    .text               mc_w.l(llshl.o)
    0x08000750   0x00000024   Code   RO         3978    .text               mc_w.l(llsshr.o)
    0x08000774   0x00000000   Code   RO         3987    .text               mc_w.l(iusefp.o)
    0x08000774   0x0000006e   Code   RO         3988    .text               mf_w.l(fepilogue.o)
    0x080007e2   0x00000018   Code   RO         3990    .text               mf_w.l(fscalb.o)
    0x080007fa   0x000000ba   Code   RO         3994    .text               mf_w.l(depilogue.o)
    0x080008b4   0x000000de   Code   RO         3996    .text               mf_w.l(ddiv.o)
    0x08000992   0x0000002e   Code   RO         3998    .text               mf_w.l(dscalb.o)
    0x080009c0   0x00000024   Code   RO         4002    .text               mc_w.l(init.o)
    0x080009e4   0x00000020   Code   RO         4004    .text               mc_w.l(llushr.o)
    0x08000a04   0x0000005e   Code   RO         4006    .text               mf_w.l(fsqrt.o)
    0x08000a62   0x000000a2   Code   RO         4008    .text               mf_w.l(dsqrt.o)
    0x08000b04   0x00000056   Code   RO         4018    .text               mc_w.l(__dczerorl2.o)
    0x08000b5a   0x00000002   PAD
    0x08000b5c   0x00000064   Code   RO         2360    i.Angle_Get         imu.o
    0x08000bc0   0x00000004   Code   RO         2413    i.BusFault_Handler  stm32f10x_it.o
    0x08000bc4   0x0000000c   Code   RO         3084    i.ByteSwap          usb_regs.o
    0x08000bd0   0x00000288   Code   RO         3037    i.CTR_LP            usb_int.o
    0x08000e58   0x00000034   Code   RO         3085    i.ClearDTOG_RX      usb_regs.o
    0x08000e8c   0x00000034   Code   RO         3086    i.ClearDTOG_TX      usb_regs.o
    0x08000ec0   0x00000028   Code   RO         3091    i.Clear_Status_Out  usb_regs.o
    0x08000ee8   0x00000098   Code   RO         1882    i.DataScope_Data_Generate  datascope_dp.o
    0x08000f80   0x000000a4   Code   RO         1883    i.DataScope_Get_Channel_Data  datascope_dp.o
    0x08001024   0x000000c0   Code   RO         2894    i.DataStageIn       usb_core.o
    0x080010e4   0x000000bc   Code   RO         2895    i.DataStageOut      usb_core.o
    0x080011a0   0x00000298   Code   RO         2896    i.Data_Setup0       usb_core.o
    0x08001438   0x00000002   Code   RO         2414    i.DebugMon_Handler  stm32f10x_it.o
    0x0800143a   0x00000012   Code   RO         1702    i.DelayMs           stm32fx_delay.o
    0x0800144c   0x0000001a   Code   RO         1703    i.DelayUs           stm32fx_delay.o
    0x08001466   0x00000002   PAD
    0x08001468   0x00000050   Code   RO         2657    i.EP1_IN_Callback   usb_endp.o
    0x080014b8   0x00000020   Code   RO         2658    i.EP3_OUT_Callback  usb_endp.o
    0x080014d8   0x0000000c   Code   RO         1206    i.EXTI_ClearITPendingBit  stm32f10x_exti.o
    0x080014e4   0x00000048   Code   RO         2167    i.Flag_Clear        bf_status_mini_system.o
    0x0800152c   0x0000001c   Code   RO         1884    i.Float2Byte        datascope_dp.o
    0x08001548   0x00000116   Code   RO          321    i.GPIO_Init         stm32f10x_gpio.o
    0x0800165e   0x00000002   PAD
    0x08001660   0x00000090   Code   RO          323    i.GPIO_PinRemapConfig  stm32f10x_gpio.o
    0x080016f0   0x00000028   Code   RO          324    i.GPIO_QuickInit    stm32f10x_gpio.o
    0x08001718   0x00000012   Code   RO          326    i.GPIO_ReadInputDataBit  stm32f10x_gpio.o
    0x0800172a   0x00000004   Code   RO          329    i.GPIO_ResetBits    stm32f10x_gpio.o
    0x0800172e   0x00000004   Code   RO          330    i.GPIO_SetBits      stm32f10x_gpio.o
    0x08001732   0x00000002   PAD
    0x08001734   0x00000020   Code   RO         3103    i.GetEPRxAddr       usb_regs.o
    0x08001754   0x00000024   Code   RO         3104    i.GetEPRxCount      usb_regs.o
    0x08001778   0x00000020   Code   RO         3106    i.GetEPTxAddr       usb_regs.o
    0x08001798   0x00000034   Code   RO         2495    i.Get_SerialNum     hw_config.o
    0x080017cc   0x00000004   Code   RO         2415    i.HardFault_Handler  stm32f10x_it.o
    0x080017d0   0x000000f2   Code   RO         2253    i.IIR_I_Filter      bf_status_mini_filter.o
    0x080018c2   0x00000002   PAD
    0x080018c4   0x00000070   Code   RO         2897    i.In0_Process       usb_core.o
    0x08001934   0x0000003e   Code   RO         2496    i.IntToUnicode      hw_config.o
    0x08001972   0x00000032   Code   RO         2254    i.LPF_1st           bf_status_mini_filter.o
    0x080019a4   0x00000020   Code   RO         2497    i.Leave_LowPowerMode  hw_config.o
    0x080019c4   0x00000028   Code   RO         2107    i.MAG_Get_Fuse      mpu9250.o
    0x080019ec   0x00000390   Code   RO         2108    i.MPU_Read          mpu9250.o
    0x08001d7c   0x00000004   Code   RO         2416    i.MemManage_Handler  stm32f10x_it.o
    0x08001d80   0x00000002   Code   RO         2417    i.NMI_Handler       stm32f10x_it.o
    0x08001d82   0x00000002   Code   RO         2898    i.NOP_Process       usb_core.o
    0x08001d84   0x00000070   Code   RO           95    i.NVIC_Init         misc.o
    0x08001df4   0x00000014   Code   RO           96    i.NVIC_PriorityGroupConfig  misc.o
    0x08001e08   0x00000138   Code   RO         2899    i.NoData_Setup0     usb_core.o
    0x08001f40   0x00000050   Code   RO         2900    i.Out0_Process      usb_core.o
    0x08001f90   0x00000028   Code   RO         3066    i.PMAToUserBufferCopy  usb_mem.o
    0x08001fb8   0x00000048   Code   RO         2901    i.Post0_Process     usb_core.o
    0x08002000   0x00000040   Code   RO         2852    i.PowerOn           usb_pwr.o
    0x08002040   0x0000000e   Code   RO         3469    i.QUEUE_PacketCreate  queue.o
    0x0800204e   0x0000003c   Code   RO         3471    i.QUEUE_PacketIn    queue.o
    0x0800208a   0x0000003a   Code   RO         3473    i.QUEUE_PacketOut   queue.o
    0x080020c4   0x00000050   Code   RO         2216    i.Q_rsqrt           bf_status_mini_math.o
    0x08002114   0x0000021c   Code   RO         2361    i.Quaternion_Get    imu.o
    0x08002330   0x0000007a   Code   RO         2362    i.Quaternion_Normalize  imu.o
    0x080023aa   0x00000120   Code   RO         2363    i.Quaternion_RungeKutta  imu.o
    0x080024ca   0x00000002   PAD
    0x080024cc   0x0000012c   Code   RO         2364    i.Quaternion_ToAngE  imu.o
    0x080025f8   0x00000094   Code   RO         2365    i.Quaternion_vectorGravity  imu.o
    0x0800268c   0x00000020   Code   RO         1348    i.RCC_APB1PeriphClockCmd  stm32f10x_rcc.o
    0x080026ac   0x00000020   Code   RO         1349    i.RCC_APB1PeriphResetCmd  stm32f10x_rcc.o
    0x080026cc   0x00000020   Code   RO         1350    i.RCC_APB2PeriphClockCmd  stm32f10x_rcc.o
    0x080026ec   0x00000020   Code   RO         1351    i.RCC_APB2PeriphResetCmd  stm32f10x_rcc.o
    0x0800270c   0x0000000c   Code   RO         1376    i.RCC_USBCLKConfig  stm32f10x_rcc.o
    0x08002718   0x000000e8   Code   RO         2327    i.RC_Timer_Init     bf_status_mini_rc.o
    0x08002800   0x000000d0   Code   RO         2853    i.Resume            usb_pwr.o
    0x080028d0   0x00000024   Code   RO         2854    i.Resume_Init       usb_pwr.o
    0x080028f4   0x00000064   Code   RO         2659    i.SOF_Callback      usb_endp.o
    0x08002958   0x00000018   Code   RO         1551    i.SPI_Cmd           stm32f10x_spi.o
    0x08002970   0x00000012   Code   RO         1559    i.SPI_I2S_GetFlagStatus  stm32f10x_spi.o
    0x08002982   0x00000006   Code   RO         1562    i.SPI_I2S_ReceiveData  stm32f10x_spi.o
    0x08002988   0x00000004   Code   RO         1563    i.SPI_I2S_SendData  stm32f10x_spi.o
    0x0800298c   0x000000c0   Code   RO         1564    i.SPI_INIT          stm32f10x_spi.o
    0x08002a4c   0x0000003c   Code   RO         1565    i.SPI_Init          stm32f10x_spi.o
    0x08002a88   0x0000001c   Code   RO         2109    i.SPI_MPU_MAG_AUTO_Reading  mpu9250.o
    0x08002aa4   0x00000040   Code   RO         2110    i.SPI_MPU_MAG_SingleReadReg  mpu9250.o
    0x08002ae4   0x0000003c   Code   RO         2111    i.SPI_MPU_MAG_SingleWriteReg  mpu9250.o
    0x08002b20   0x00000040   Code   RO         2112    i.SPI_MPU_ReadReg   mpu9250.o
    0x08002b60   0x00000030   Code   RO         2113    i.SPI_MPU_SingleReadReg  mpu9250.o
    0x08002b90   0x00000030   Code   RO         2114    i.SPI_MPU_SingleWriteReg  mpu9250.o
    0x08002bc0   0x00000038   Code   RO         2043    i.SPI_MS_ReadReg    ms5611.o
    0x08002bf8   0x00000038   Code   RO         1567    i.SPI_RW            stm32f10x_spi.o
    0x08002c30   0x00000002   Code   RO         2419    i.SVC_Handler       stm32f10x_it.o
    0x08002c32   0x00000002   PAD
    0x08002c34   0x0000005c   Code   RO         1885    i.Send_Once         datascope_dp.o
    0x08002c90   0x00000174   Code   RO         2366    i.Sensor_Get        imu.o
    0x08002e04   0x00000010   Code   RO         3114    i.SetBTABLE         usb_regs.o
    0x08002e14   0x00000050   Code   RO         2902    i.SetDeviceAddress  usb_core.o
    0x08002e64   0x00000024   Code   RO         3128    i.SetEPRxAddr       usb_regs.o
    0x08002e88   0x0000004c   Code   RO         3129    i.SetEPRxCount      usb_regs.o
    0x08002ed4   0x00000040   Code   RO         3130    i.SetEPRxStatus     usb_regs.o
    0x08002f14   0x00000034   Code   RO         3131    i.SetEPRxValid      usb_regs.o
    0x08002f48   0x00000020   Code   RO         3132    i.SetEPTxAddr       usb_regs.o
    0x08002f68   0x0000001c   Code   RO         3133    i.SetEPTxCount      usb_regs.o
    0x08002f84   0x00000040   Code   RO         3134    i.SetEPTxStatus     usb_regs.o
    0x08002fc4   0x00000034   Code   RO         3135    i.SetEPTxValid      usb_regs.o
    0x08002ff8   0x00000024   Code   RO         3136    i.SetEPType         usb_regs.o
    0x0800301c   0x00000008   Code   RO           24    i.SetSysClock       system_stm32f10x.o
    0x08003024   0x000000e0   Code   RO           25    i.SetSysClockTo72   system_stm32f10x.o
    0x08003104   0x0000006c   Code   RO         2498    i.Set_System        hw_config.o
    0x08003170   0x00000012   Code   RO         2499    i.Set_USBClock      hw_config.o
    0x08003182   0x00000002   PAD
    0x08003184   0x000000b8   Code   RO         2903    i.Setup0_Process    usb_core.o
    0x0800323c   0x0000016c   Code   RO         2904    i.Standard_ClearFeature  usb_core.o
    0x080033a8   0x0000002c   Code   RO         2905    i.Standard_GetConfiguration  usb_core.o
    0x080033d4   0x00000024   Code   RO         2906    i.Standard_GetDescriptorData  usb_core.o
    0x080033f8   0x0000002c   Code   RO         2907    i.Standard_GetInterface  usb_core.o
    0x08003424   0x00000100   Code   RO         2908    i.Standard_GetStatus  usb_core.o
    0x08003524   0x00000048   Code   RO         2909    i.Standard_SetConfiguration  usb_core.o
    0x0800356c   0x00000028   Code   RO         2910    i.Standard_SetDeviceFeature  usb_core.o
    0x08003594   0x000000d0   Code   RO         2911    i.Standard_SetEndPointFeature  usb_core.o
    0x08003664   0x0000006c   Code   RO         2912    i.Standard_SetInterface  usb_core.o
    0x080036d0   0x00000104   Code   RO         2855    i.Suspend           usb_pwr.o
    0x080037d4   0x00000002   Code   RO         2420    i.SysTick_Handler   stm32f10x_it.o
    0x080037d6   0x00000002   PAD
    0x080037d8   0x00000060   Code   RO           27    i.SystemInit        system_stm32f10x.o
    0x08003838   0x00000080   Code   RO          657    i.TI1_Config        stm32f10x_tim.o
    0x080038b8   0x00000098   Code   RO          658    i.TI2_Config        stm32f10x_tim.o
    0x08003950   0x00000090   Code   RO          659    i.TI3_Config        stm32f10x_tim.o
    0x080039e0   0x00000098   Code   RO          660    i.TI4_Config        stm32f10x_tim.o
    0x08003a78   0x00000030   Code   RO         2421    i.TIM1_UP_IRQHandler  stm32f10x_it.o
    0x08003aa8   0x000000f8   Code   RO         2328    i.TIM3_IRQHandler   bf_status_mini_rc.o
    0x08003ba0   0x000000f8   Code   RO         2329    i.TIM4_IRQHandler   bf_status_mini_rc.o
    0x08003c98   0x00000006   Code   RO          667    i.TIM_ClearFlag     stm32f10x_tim.o
    0x08003c9e   0x00000006   Code   RO          668    i.TIM_ClearITPendingBit  stm32f10x_tim.o
    0x08003ca4   0x00000018   Code   RO          673    i.TIM_Cmd           stm32f10x_tim.o
    0x08003cbc   0x000001e8   Code   RO          678    i.TIM_DeInit        stm32f10x_tim.o
    0x08003ea4   0x00000006   Code   RO          688    i.TIM_GetCapture1   stm32f10x_tim.o
    0x08003eaa   0x00000006   Code   RO          689    i.TIM_GetCapture2   stm32f10x_tim.o
    0x08003eb0   0x00000006   Code   RO          690    i.TIM_GetCapture3   stm32f10x_tim.o
    0x08003eb6   0x00000008   Code   RO          691    i.TIM_GetCapture4   stm32f10x_tim.o
    0x08003ebe   0x00000022   Code   RO          694    i.TIM_GetITStatus   stm32f10x_tim.o
    0x08003ee0   0x000000ac   Code   RO          696    i.TIM_ICInit        stm32f10x_tim.o
    0x08003f8c   0x00000012   Code   RO          698    i.TIM_ITConfig      stm32f10x_tim.o
    0x08003f9e   0x00000002   PAD
    0x08003fa0   0x00000098   Code   RO          702    i.TIM_OC1Init       stm32f10x_tim.o
    0x08004038   0x00000012   Code   RO          704    i.TIM_OC1PolarityConfig  stm32f10x_tim.o
    0x0800404a   0x00000012   Code   RO          705    i.TIM_OC1PreloadConfig  stm32f10x_tim.o
    0x0800405c   0x000000a4   Code   RO          707    i.TIM_OC2Init       stm32f10x_tim.o
    0x08004100   0x0000001a   Code   RO          709    i.TIM_OC2PolarityConfig  stm32f10x_tim.o
    0x0800411a   0x0000001a   Code   RO          710    i.TIM_OC2PreloadConfig  stm32f10x_tim.o
    0x08004134   0x000000a0   Code   RO          712    i.TIM_OC3Init       stm32f10x_tim.o
    0x080041d4   0x0000001a   Code   RO          714    i.TIM_OC3PolarityConfig  stm32f10x_tim.o
    0x080041ee   0x00000012   Code   RO          715    i.TIM_OC3PreloadConfig  stm32f10x_tim.o
    0x08004200   0x0000007c   Code   RO          717    i.TIM_OC4Init       stm32f10x_tim.o
    0x0800427c   0x0000001a   Code   RO          718    i.TIM_OC4PolarityConfig  stm32f10x_tim.o
    0x08004296   0x0000001a   Code   RO          719    i.TIM_OC4PreloadConfig  stm32f10x_tim.o
    0x080042b0   0x00000014   Code   RO          720    i.TIM_OCStructInit  stm32f10x_tim.o
    0x080042c4   0x00000012   Code   RO          739    i.TIM_SetIC1Prescaler  stm32f10x_tim.o
    0x080042d6   0x0000001a   Code   RO          740    i.TIM_SetIC2Prescaler  stm32f10x_tim.o
    0x080042f0   0x00000012   Code   RO          741    i.TIM_SetIC3Prescaler  stm32f10x_tim.o
    0x08004302   0x0000001a   Code   RO          742    i.TIM_SetIC4Prescaler  stm32f10x_tim.o
    0x0800431c   0x000000a4   Code   RO          744    i.TIM_TimeBaseInit  stm32f10x_tim.o
    0x080043c0   0x00000060   Code   RO         2168    i.Time_slice        bf_status_mini_system.o
    0x08004420   0x0000000c   Code   RO         2705    i.USBWakeUp_IRQHandler  usb_it.o
    0x0800442c   0x00000024   Code   RO         2500    i.USB_Cable_Config  hw_config.o
    0x08004450   0x00000014   Code   RO         2501    i.USB_Config        hw_config.o
    0x08004464   0x0000003c   Code   RO         3013    i.USB_Init          usb_init.o
    0x080044a0   0x00000034   Code   RO         2502    i.USB_Interrupts_Config  hw_config.o
    0x080044d4   0x000001d0   Code   RO         2687    i.USB_Istr          usb_istr.o
    0x080046a4   0x00000008   Code   RO         2706    i.USB_LP_CAN1_RX0_IRQHandler  usb_it.o
    0x080046ac   0x00000018   Code   RO         2504    i.USB_RxWrite       hw_config.o
    0x080046c4   0x00000024   Code   RO         3444    i.USB_SIL_Init      usb_sil.o
    0x080046e8   0x0000002e   Code   RO         3445    i.USB_SIL_Read      usb_sil.o
    0x08004716   0x00000002   PAD
    0x08004718   0x00000018   Code   RO         2505    i.USB_TxRead        hw_config.o
    0x08004730   0x00000018   Code   RO         2506    i.USB_TxWrite       hw_config.o
    0x08004748   0x00000004   Code   RO         2422    i.UsageFault_Handler  stm32f10x_it.o
    0x0800474c   0x00000038   Code   RO         3067    i.UserToPMABufferCopy  usb_mem.o
    0x08004784   0x0000006c   Code   RO         2218    i.VariableParameter  bf_status_mini_math.o
    0x080047f0   0x00000064   Code   RO         2750    i.Virtual_Com_Port_Data_Setup  usb_prop.o
    0x08004854   0x00000014   Code   RO         2751    i.Virtual_Com_Port_GetConfigDescriptor  usb_prop.o
    0x08004868   0x00000014   Code   RO         2752    i.Virtual_Com_Port_GetDeviceDescriptor  usb_prop.o
    0x0800487c   0x0000001c   Code   RO         2753    i.Virtual_Com_Port_GetLineCoding  usb_prop.o
    0x08004898   0x00000028   Code   RO         2754    i.Virtual_Com_Port_GetStringDescriptor  usb_prop.o
    0x080048c0   0x00000016   Code   RO         2755    i.Virtual_Com_Port_Get_Interface_Setting  usb_prop.o
    0x080048d6   0x00000002   PAD
    0x080048d8   0x00000028   Code   RO         2756    i.Virtual_Com_Port_NoData_Setup  usb_prop.o
    0x08004900   0x000000e8   Code   RO         2757    i.Virtual_Com_Port_Reset  usb_prop.o
    0x080049e8   0x00000018   Code   RO         2758    i.Virtual_Com_Port_SetConfiguration  usb_prop.o
    0x08004a00   0x0000000c   Code   RO         2759    i.Virtual_Com_Port_SetDeviceAddress  usb_prop.o
    0x08004a0c   0x0000001c   Code   RO         2760    i.Virtual_Com_Port_SetLineCoding  usb_prop.o
    0x08004a28   0x00000014   Code   RO         2761    i.Virtual_Com_Port_Status_In  usb_prop.o
    0x08004a3c   0x00000002   Code   RO         2762    i.Virtual_Com_Port_Status_Out  usb_prop.o
    0x08004a3e   0x00000002   PAD
    0x08004a40   0x00000028   Code   RO         2763    i.Virtual_Com_Port_init  usb_prop.o
    0x08004a68   0x00000020   Code   RO         3815    i.__0printf$8       mc_w.l(printf8.o)
    0x08004a88   0x00000028   Code   RO         3917    i.__ARM_fpclassify  m_ws.l(fpclassify.o)
    0x08004ab0   0x00000026   Code   RO         3919    i.__ARM_fpclassifyf  m_ws.l(fpclassifyf.o)
    0x08004ad6   0x000000aa   Code   RO         3935    i.__kernel_poly     m_ws.l(poly.o)
    0x08004b80   0x00000010   Code   RO         3903    i.__mathlib_dbl_divzero  m_ws.l(dunder.o)
    0x08004b90   0x00000004   Code   RO         3905    i.__mathlib_dbl_infnan2  m_ws.l(dunder.o)
    0x08004b94   0x0000000c   Code   RO         3906    i.__mathlib_dbl_invalid  m_ws.l(dunder.o)
    0x08004ba0   0x0000000e   Code   RO         3907    i.__mathlib_dbl_overflow  m_ws.l(dunder.o)
    0x08004bae   0x00000002   PAD
    0x08004bb0   0x00000010   Code   RO         3909    i.__mathlib_dbl_underflow  m_ws.l(dunder.o)
    0x08004bc0   0x00000006   Code   RO         3922    i.__mathlib_flt_infnan  m_ws.l(funder.o)
    0x08004bc6   0x00000004   Code   RO         3923    i.__mathlib_flt_infnan2  m_ws.l(funder.o)
    0x08004bca   0x00000008   Code   RO         3924    i.__mathlib_flt_invalid  m_ws.l(funder.o)
    0x08004bd2   0x0000000a   Code   RO         3927    i.__mathlib_flt_underflow  m_ws.l(funder.o)
    0x08004bdc   0x0000000e   Code   RO         4012    i.__scatterload_copy  mc_w.l(handlers.o)
    0x08004bea   0x00000002   Code   RO         4013    i.__scatterload_null  mc_w.l(handlers.o)
    0x08004bec   0x0000000e   Code   RO         4014    i.__scatterload_zeroinit  mc_w.l(handlers.o)
    0x08004bfa   0x00000002   PAD
    0x08004bfc   0x0000000c   Code   RO         3982    i.__set_errno       mc_w.l(errno.o)
    0x08004c08   0x00000410   Code   RO         3822    i._printf_core      mc_w.l(printf8.o)
    0x08005018   0x00000024   Code   RO         3823    i._printf_post_padding  mc_w.l(printf8.o)
    0x0800503c   0x0000002e   Code   RO         3824    i._printf_pre_padding  mc_w.l(printf8.o)
    0x0800506a   0x00000002   PAD
    0x0800506c   0x00000124   Code   RO         3556    i.asinf             m_ws.l(asinf.o)
    0x08005190   0x0000025c   Code   RO         3564    i.atan2f            m_ws.l(atan2f.o)
    0x080053ec   0x00000170   Code   RO         2170    i.data_save         bf_status_mini_system.o
    0x0800555c   0x00000010   Code   RO         2508    i.fputc             hw_config.o
    0x0800556c   0x00000080   Code   RO         2044    i.get_altitude      ms5611.o
    0x080055ec   0x00000064   Code   RO         1832    i.led_init          led.o
    0x08005650   0x00000050   Code   RO         1833    i.led_ref           led.o
    0x080056a0   0x0000004c   Code   RO         2482    i.main              main.o
    0x080056ec   0x000000e4   Code   RO         1803    i.motor_init        motor.o
    0x080057d0   0x00000134   Code   RO         2115    i.mpu_init          mpu9250.o
    0x08005904   0x000000ac   Code   RO         2045    i.ms5611_handle     ms5611.o
    0x080059b0   0x00000028   Code   RO         2046    i.ms5611_read_adc   ms5611.o
    0x080059d8   0x00000298   Code   RO         2047    i.ms5611_read_baro  ms5611.o
    0x08005c70   0x000000ac   Code   RO         2048    i.ms5611_read_fac   ms5611.o
    0x08005d1c   0x00000010   Code   RO         2049    i.ms5611_read_temp  ms5611.o
    0x08005d2c   0x0000004c   Code   RO         2050    i.ms5611_reset      ms5611.o
    0x08005d78   0x0000002c   Code   RO         2051    i.ms5611_start_conversion  ms5611.o
    0x08005da4   0x000009d8   Code   RO         3580    i.pow               m_ws.l(pow.o)
    0x0800677c   0x0000004c   Code   RO         3942    i.sqrt              m_ws.l(sqrt.o)
    0x080067c8   0x0000002c   Code   RO         3950    i.sqrtf             m_ws.l(sqrtf.o)
    0x080067f4   0x00000098   Code   RO         2172    i.system_init       bf_status_mini_system.o
    0x0800688c   0x000000a8   Code   RO         2173    i.time_init         bf_status_mini_system.o
    0x08006934   0x00000097   Data   RO         2641    .constdata          usb_desc.o
    0x080069cb   0x00000005   PAD
    0x080069d0   0x00000088   Data   RO         3581    .constdata          m_ws.l(pow.o)
    0x08006a58   0x00000008   Data   RO         3937    .constdata          m_ws.l(qnan.o)
    0x08006a60   0x00000020   Data   RO         4010    Region$$Table       anon$$obj.o


    Execution Region RW_IRAM1 (Base: 0x20000000, Size: 0x00001450, Max: 0x00005000, ABSOLUTE, COMPRESSED[0x000000d0])

    Base Addr    Size         Type   Attr      Idx    E Section Name        Object

    0x20000000   0x00000014   Data   RW           28    .data               system_stm32f10x.o
    0x20000014   0x00000004   Data   RW         2052    .data               ms5611.o
    0x20000018   0x00000003   Data   RW         2174    .data               bf_status_mini_system.o
    0x2000001b   0x00000001   PAD
    0x2000001c   0x0000001c   Data   RW         2241    .data               bf_status_mini_global.o
    0x20000038   0x00000050   Data   RW         2256    .data               bf_status_mini_filter.o
    0x20000088   0x00000018   Data   RW         2367    .data               imu.o
    0x200000a0   0x00000026   Data   RW         2642    .data               usb_desc.o
    0x200000c6   0x00000002   PAD
    0x200000c8   0x00000008   Data   RW         2661    .data               usb_endp.o
    0x200000d0   0x00000044   Data   RW         2688    .data               usb_istr.o
    0x20000114   0x00000094   Data   RW         2764    .data               usb_prop.o
    0x200001a8   0x0000000c   Data   RW         2857    .data               usb_pwr.o
    0x200001b4   0x00000003   Data   RW         2913    .data               usb_core.o
    0x200001b7   0x00000001   PAD
    0x200001b8   0x00000014   Data   RW         3015    .data               usb_init.o
    0x200001cc   0x00000004   Data   RW         3038    .data               usb_int.o
    0x200001d0   0x00000004   Data   RW         3971    .data               mc_w.l(stdout.o)
    0x200001d4   0x00000004   Data   RW         3983    .data               mc_w.l(errno.o)
    0x200001d8   0x0000002a   Zero   RW         1887    .bss                datascope_dp.o
    0x20000202   0x00000002   PAD
    0x20000204   0x0000026c   Zero   RW         2240    .bss                bf_status_mini_global.o
    0x20000470   0x000000f0   Zero   RW         2255    .bss                bf_status_mini_filter.o
    0x20000560   0x00000a30   Zero   RW         2509    .bss                hw_config.o
    0x20000f90   0x00000080   Zero   RW         2660    .bss                usb_endp.o
    0x20001010   0x00000020   Zero   RW         2856    .bss                usb_pwr.o
    0x20001030   0x0000001c   Zero   RW         3014    .bss                usb_init.o
    0x2000104c   0x00000004   PAD
    0x20001050   0x00000400   Zero   RW            1    STACK               startup_stm32f10x_md.o


==============================================================================

Image component sizes


      Code (inc. data)   RO Data    RW Data    ZI Data      Debug   Object Name

       292          0          0         80        240       2316   bf_status_mini_filter.o
         0          0          0         28        620       3309   bf_status_mini_global.o
       188         22          0          0          0       1226   bf_status_mini_math.o
       728         40          0          0          0       1784   bf_status_mini_rc.o
       856        132          0          3          0       2728   bf_status_mini_system.o
         0          0          0          0          0       4508   core_cm3.o
       436         42          0          0         42       3118   datascope_dp.o
         0          0          0          0          0       1228   debug_usart.o
       468         68          0          0       2608      11693   hw_config.o
      1870        110          0         24          0       4904   imu.o
       180         40          0          0          0       3614   led.o
        76          8          0          0          0        471   main.o
       132         22          0          0          0       1491   misc.o
       228         14          0          0          0        677   motor.o
      1572        118          0          0          0       5748   mpu9250.o
      1368         96          0          4          0       5659   ms5611.o
       132          0          0          0          0       5664   queue.o
        36          8        236          0       1024        860   startup_stm32f10x_md.o
        12          6          0          0          0        509   stm32f10x_exti.o
       488          6          0          0          0       5079   stm32f10x_gpio.o
        72         14          0          0          0       3810   stm32f10x_it.o
       140         30          0          0          0       2715   stm32f10x_rcc.o
       360         28          0          0          0       4910   stm32f10x_spi.o
      2406        264          0          0          0      20639   stm32f10x_tim.o
        44          0          0          0          0       1324   stm32fx_delay.o
       328         28          0         20          0     250137   system_stm32f10x.o
      3058        288          0          3          0      13803   usb_core.o
         0          0        151         38          0       1051   usb_desc.o
       212         34          0          8        128       2248   usb_endp.o
        60         24          0         20         28       3974   usb_init.o
       648         32          0          4          0       1644   usb_int.o
       464         38          0         68          0       1587   usb_istr.o
        20          0          0          0          0        932   usb_it.o
        96         10          0          0          0       1660   usb_mem.o
       628        102          0        148          0      11429   usb_prop.o
       568         60          0         12         32       3736   usb_pwr.o
       712        100          0          0          0       9183   usb_regs.o
        82          8          0          0          0       1362   usb_sil.o

    ----------------------------------------------------------------------
     18984       1792        424        464       4728     402730   Object Totals
         0          0         32          0          0          0   (incl. Generated)
        24          0          5          4          6          0   (incl. Padding)

    ----------------------------------------------------------------------

      Code (inc. data)   RO Data    RW Data    ZI Data      Debug   Library Member Name

       292         38          0          0          0        120   asinf.o
       604         76          0          0          0        116   atan2f.o
        62         10          0          0          0        340   dunder.o
        40          0          0          0          0         68   fpclassify.o
        38          0          0          0          0         68   fpclassifyf.o
        28          0          0          0          0        272   funder.o
       170          0          0          0          0         96   poly.o
      2520        190        136          0          0        324   pow.o
         0          0          8          0          0          0   qnan.o
        76          0          0          0          0         84   sqrt.o
        44          0          0          0          0         80   sqrtf.o
        86          0          0          0          0          0   __dczerorl2.o
         0          0          0          0          0          0   entry.o
         0          0          0          0          0          0   entry10a.o
         0          0          0          0          0          0   entry11a.o
         8          4          0          0          0          0   entry2.o
         4          0          0          0          0          0   entry5.o
         0          0          0          0          0          0   entry7b.o
         0          0          0          0          0          0   entry8b.o
         8          4          0          0          0          0   entry9a.o
        12          6          0          4          0         68   errno.o
        30          0          0          0          0          0   handlers.o
        36          8          0          0          0         68   init.o
         0          0          0          0          0          0   iusefp.o
        98          0          0          0          0         84   ldiv.o
        30          0          0          0          0         68   llshl.o
        36          0          0          0          0         68   llsshr.o
        32          0          0          0          0         68   llushr.o
        36          0          0          0          0        108   memseta.o
      1154         54          0          0          0        352   printf8.o
         0          0          0          4          0          0   stdout.o
        98          0          0          0          0         92   uldiv.o
        48          0          0          0          0         68   cdrcmple.o
        20          0          0          0          0         68   cfcmple.o
        20          0          0          0          0         68   cfrcmple.o
        56          0          0          0          0         88   d2f.o
       334          0          0          0          0        148   dadd.o
       222          0          0          0          0        100   ddiv.o
       186          0          0          0          0        176   depilogue.o
        34          0          0          0          0         76   dflti.o
       228          0          0          0          0         96   dmul.o
        46          0          0          0          0         80   dscalb.o
       162          0          0          0          0        100   dsqrt.o
        38          0          0          0          0         68   f2d.o
       176          0          0          0          0        140   fadd.o
       124          0          0          0          0         88   fdiv.o
       110          0          0          0          0        168   fepilogue.o
        66          0          0          0          0         76   ffixl.o
        18          0          0          0          0         68   fflti.o
        44          0          0          0          0         92   ffltl.o
        10          0          0          0          0         68   ffltui.o
       100          0          0          0          0         76   fmul.o
        24          0          0          0          0         68   fscalb.o
        94          0          0          0          0         96   fsqrt.o

    ----------------------------------------------------------------------
      7712        390        144          8          0       4620   Library Totals
        10          0          0          0          0          0   (incl. Padding)

    ----------------------------------------------------------------------

      Code (inc. data)   RO Data    RW Data    ZI Data      Debug   Library Name

      3874        314        144          0          0       1568   m_ws.l
      1668         76          0          8          0        976   mc_w.l
      2160          0          0          0          0       2076   mf_w.l

    ----------------------------------------------------------------------
      7712        390        144          8          0       4620   Library Totals

    ----------------------------------------------------------------------

==============================================================================


      Code (inc. data)   RO Data    RW Data    ZI Data      Debug   

     26696       2182        568        472       4728     395154   Grand Totals
     26696       2182        568        208       4728     395154   ELF Image Totals (compressed)
     26696       2182        568        208          0          0   ROM Totals

==============================================================================

    Total RO  Size (Code + RO Data)                27264 (  26.63kB)
    Total RW  Size (RW Data + ZI Data)              5200 (   5.08kB)
    Total ROM Size (Code + RO Data + RW Data)      27472 (  26.83kB)

==============================================================================

